Archive member included because of file (symbol)

/Users/gdanda/pebble-dev/PebbleSDK-2.8.1/Pebble/lib/libpebble.a(tmpL9Cjnwpebble.o)
                              src/feature_accel_discs.c.7.o (accel_data_service_unsubscribe)
/Users/gdanda/pebble-dev/PebbleSDK-2.8.1/arm-cs-tools/bin/../lib/gcc/arm-none-eabi/4.7.2/thumb2/libgcc.a(_arm_addsubdf3.o)
                              src/feature_accel_discs.c.7.o (__aeabi_dsub)
/Users/gdanda/pebble-dev/PebbleSDK-2.8.1/arm-cs-tools/bin/../lib/gcc/arm-none-eabi/4.7.2/thumb2/libgcc.a(_arm_muldivdf3.o)
                              src/feature_accel_discs.c.7.o (__aeabi_dmul)
/Users/gdanda/pebble-dev/PebbleSDK-2.8.1/arm-cs-tools/bin/../lib/gcc/arm-none-eabi/4.7.2/thumb2/libgcc.a(_arm_cmpdf2.o)
                              src/feature_accel_discs.c.7.o (__aeabi_dcmplt)
/Users/gdanda/pebble-dev/PebbleSDK-2.8.1/arm-cs-tools/bin/../lib/gcc/arm-none-eabi/4.7.2/thumb2/libgcc.a(_arm_fixdfsi.o)
                              src/feature_accel_discs.c.7.o (__aeabi_d2iz)
/Users/gdanda/pebble-dev/PebbleSDK-2.8.1/arm-cs-tools/bin/../lib/gcc/arm-none-eabi/4.7.2/thumb2/libgcc.a(_arm_fixunsdfsi.o)
                              src/feature_accel_discs.c.7.o (__aeabi_d2uiz)

Discarded input sections

 .text          0x0000000000000000        0x0 /Users/gdanda/pebble-dev/PebbleSDK-2.8.1/arm-cs-tools/bin/../lib/gcc/arm-none-eabi/4.7.2/thumb2/crti.o
 .bss           0x0000000000000000        0x0 /Users/gdanda/pebble-dev/PebbleSDK-2.8.1/arm-cs-tools/bin/../lib/gcc/arm-none-eabi/4.7.2/thumb2/crti.o
 .init          0x0000000000000000        0x4 /Users/gdanda/pebble-dev/PebbleSDK-2.8.1/arm-cs-tools/bin/../lib/gcc/arm-none-eabi/4.7.2/thumb2/crti.o
 .fini          0x0000000000000000        0x4 /Users/gdanda/pebble-dev/PebbleSDK-2.8.1/arm-cs-tools/bin/../lib/gcc/arm-none-eabi/4.7.2/thumb2/crti.o
 .text          0x0000000000000000       0xc8 /Users/gdanda/pebble-dev/PebbleSDK-2.8.1/arm-cs-tools/bin/../lib/gcc/arm-none-eabi/4.7.2/thumb2/crtbegin.o
 .bss           0x0000000000000000       0x1c /Users/gdanda/pebble-dev/PebbleSDK-2.8.1/arm-cs-tools/bin/../lib/gcc/arm-none-eabi/4.7.2/thumb2/crtbegin.o
 .init_array    0x0000000000000000        0x4 /Users/gdanda/pebble-dev/PebbleSDK-2.8.1/arm-cs-tools/bin/../lib/gcc/arm-none-eabi/4.7.2/thumb2/crtbegin.o
 .fini_array    0x0000000000000000        0x4 /Users/gdanda/pebble-dev/PebbleSDK-2.8.1/arm-cs-tools/bin/../lib/gcc/arm-none-eabi/4.7.2/thumb2/crtbegin.o
 .eh_frame      0x0000000000000000        0x0 /Users/gdanda/pebble-dev/PebbleSDK-2.8.1/arm-cs-tools/bin/../lib/gcc/arm-none-eabi/4.7.2/thumb2/crtbegin.o
 .jcr           0x0000000000000000        0x0 /Users/gdanda/pebble-dev/PebbleSDK-2.8.1/arm-cs-tools/bin/../lib/gcc/arm-none-eabi/4.7.2/thumb2/crtbegin.o
 .tm_clone_table
                0x0000000000000000        0x0 /Users/gdanda/pebble-dev/PebbleSDK-2.8.1/arm-cs-tools/bin/../lib/gcc/arm-none-eabi/4.7.2/thumb2/crtbegin.o
 .text          0x0000000000000000        0x0 src/feature_accel_discs.c.7.o
 .bss           0x0000000000000000        0x0 src/feature_accel_discs.c.7.o
 .text          0x0000000000000000        0x0 appinfo.auto.c.7.o
 .bss           0x0000000000000000        0x0 appinfo.auto.c.7.o
 .bss           0x0000000000000000        0x0 /Users/gdanda/pebble-dev/PebbleSDK-2.8.1/Pebble/lib/libpebble.a(tmpL9Cjnwpebble.o)
 .text.accel_data_service_subscribe__deprecated
                0x0000000000000000        0xc /Users/gdanda/pebble-dev/PebbleSDK-2.8.1/Pebble/lib/libpebble.a(tmpL9Cjnwpebble.o)
 .text.accel_service_set_samples_per_update
                0x0000000000000000        0xc /Users/gdanda/pebble-dev/PebbleSDK-2.8.1/Pebble/lib/libpebble.a(tmpL9Cjnwpebble.o)
 .text.accel_service_set_sampling_rate
                0x0000000000000000        0xc /Users/gdanda/pebble-dev/PebbleSDK-2.8.1/Pebble/lib/libpebble.a(tmpL9Cjnwpebble.o)
 .text.accel_tap_service_subscribe
                0x0000000000000000        0xc /Users/gdanda/pebble-dev/PebbleSDK-2.8.1/Pebble/lib/libpebble.a(tmpL9Cjnwpebble.o)
 .text.accel_tap_service_unsubscribe
                0x0000000000000000        0xc /Users/gdanda/pebble-dev/PebbleSDK-2.8.1/Pebble/lib/libpebble.a(tmpL9Cjnwpebble.o)
 .text.action_bar_layer_add_to_window
                0x0000000000000000        0xc /Users/gdanda/pebble-dev/PebbleSDK-2.8.1/Pebble/lib/libpebble.a(tmpL9Cjnwpebble.o)
 .text.action_bar_layer_clear_icon
                0x0000000000000000        0xc /Users/gdanda/pebble-dev/PebbleSDK-2.8.1/Pebble/lib/libpebble.a(tmpL9Cjnwpebble.o)
 .text.action_bar_layer_create
                0x0000000000000000        0xc /Users/gdanda/pebble-dev/PebbleSDK-2.8.1/Pebble/lib/libpebble.a(tmpL9Cjnwpebble.o)
 .text.action_bar_layer_destroy
                0x0000000000000000        0xc /Users/gdanda/pebble-dev/PebbleSDK-2.8.1/Pebble/lib/libpebble.a(tmpL9Cjnwpebble.o)
 .text.action_bar_layer_get_layer
                0x0000000000000000        0xc /Users/gdanda/pebble-dev/PebbleSDK-2.8.1/Pebble/lib/libpebble.a(tmpL9Cjnwpebble.o)
 .text.action_bar_layer_remove_from_window
                0x0000000000000000        0xc /Users/gdanda/pebble-dev/PebbleSDK-2.8.1/Pebble/lib/libpebble.a(tmpL9Cjnwpebble.o)
 .text.action_bar_layer_set_background_color
                0x0000000000000000        0xc /Users/gdanda/pebble-dev/PebbleSDK-2.8.1/Pebble/lib/libpebble.a(tmpL9Cjnwpebble.o)
 .text.action_bar_layer_set_click_config_provider
                0x0000000000000000        0xc /Users/gdanda/pebble-dev/PebbleSDK-2.8.1/Pebble/lib/libpebble.a(tmpL9Cjnwpebble.o)
 .text.action_bar_layer_set_context
                0x0000000000000000        0xc /Users/gdanda/pebble-dev/PebbleSDK-2.8.1/Pebble/lib/libpebble.a(tmpL9Cjnwpebble.o)
 .text.action_bar_layer_set_icon
                0x0000000000000000        0xc /Users/gdanda/pebble-dev/PebbleSDK-2.8.1/Pebble/lib/libpebble.a(tmpL9Cjnwpebble.o)
 .text.animation_create
                0x0000000000000000        0xc /Users/gdanda/pebble-dev/PebbleSDK-2.8.1/Pebble/lib/libpebble.a(tmpL9Cjnwpebble.o)
 .text.animation_destroy
                0x0000000000000000        0xc /Users/gdanda/pebble-dev/PebbleSDK-2.8.1/Pebble/lib/libpebble.a(tmpL9Cjnwpebble.o)
 .text.animation_get_context
                0x0000000000000000        0xc /Users/gdanda/pebble-dev/PebbleSDK-2.8.1/Pebble/lib/libpebble.a(tmpL9Cjnwpebble.o)
 .text.animation_is_scheduled
                0x0000000000000000        0xc /Users/gdanda/pebble-dev/PebbleSDK-2.8.1/Pebble/lib/libpebble.a(tmpL9Cjnwpebble.o)
 .text.animation_schedule
                0x0000000000000000        0xc /Users/gdanda/pebble-dev/PebbleSDK-2.8.1/Pebble/lib/libpebble.a(tmpL9Cjnwpebble.o)
 .text.animation_set_curve
                0x0000000000000000        0xc /Users/gdanda/pebble-dev/PebbleSDK-2.8.1/Pebble/lib/libpebble.a(tmpL9Cjnwpebble.o)
 .text.animation_set_delay
                0x0000000000000000        0xc /Users/gdanda/pebble-dev/PebbleSDK-2.8.1/Pebble/lib/libpebble.a(tmpL9Cjnwpebble.o)
 .text.animation_set_duration
                0x0000000000000000        0xc /Users/gdanda/pebble-dev/PebbleSDK-2.8.1/Pebble/lib/libpebble.a(tmpL9Cjnwpebble.o)
 .text.animation_set_handlers
                0x0000000000000000        0xc /Users/gdanda/pebble-dev/PebbleSDK-2.8.1/Pebble/lib/libpebble.a(tmpL9Cjnwpebble.o)
 .text.animation_set_implementation
                0x0000000000000000        0xc /Users/gdanda/pebble-dev/PebbleSDK-2.8.1/Pebble/lib/libpebble.a(tmpL9Cjnwpebble.o)
 .text.animation_unschedule
                0x0000000000000000        0xc /Users/gdanda/pebble-dev/PebbleSDK-2.8.1/Pebble/lib/libpebble.a(tmpL9Cjnwpebble.o)
 .text.animation_unschedule_all
                0x0000000000000000        0xc /Users/gdanda/pebble-dev/PebbleSDK-2.8.1/Pebble/lib/libpebble.a(tmpL9Cjnwpebble.o)
 .text.app_comm_get_sniff_interval
                0x0000000000000000        0xc /Users/gdanda/pebble-dev/PebbleSDK-2.8.1/Pebble/lib/libpebble.a(tmpL9Cjnwpebble.o)
 .text.app_comm_set_sniff_interval
                0x0000000000000000        0xc /Users/gdanda/pebble-dev/PebbleSDK-2.8.1/Pebble/lib/libpebble.a(tmpL9Cjnwpebble.o)
 .text.app_log  0x0000000000000000        0xc /Users/gdanda/pebble-dev/PebbleSDK-2.8.1/Pebble/lib/libpebble.a(tmpL9Cjnwpebble.o)
 .text.app_message_deregister_callbacks
                0x0000000000000000        0xc /Users/gdanda/pebble-dev/PebbleSDK-2.8.1/Pebble/lib/libpebble.a(tmpL9Cjnwpebble.o)
 .text.app_message_open
                0x0000000000000000        0xc /Users/gdanda/pebble-dev/PebbleSDK-2.8.1/Pebble/lib/libpebble.a(tmpL9Cjnwpebble.o)
 .text.app_sync_deinit
                0x0000000000000000        0xc /Users/gdanda/pebble-dev/PebbleSDK-2.8.1/Pebble/lib/libpebble.a(tmpL9Cjnwpebble.o)
 .text.app_sync_get
                0x0000000000000000        0xc /Users/gdanda/pebble-dev/PebbleSDK-2.8.1/Pebble/lib/libpebble.a(tmpL9Cjnwpebble.o)
 .text.app_sync_init
                0x0000000000000000        0xc /Users/gdanda/pebble-dev/PebbleSDK-2.8.1/Pebble/lib/libpebble.a(tmpL9Cjnwpebble.o)
 .text.app_sync_set
                0x0000000000000000        0xc /Users/gdanda/pebble-dev/PebbleSDK-2.8.1/Pebble/lib/libpebble.a(tmpL9Cjnwpebble.o)
 .text.app_timer_cancel
                0x0000000000000000        0xc /Users/gdanda/pebble-dev/PebbleSDK-2.8.1/Pebble/lib/libpebble.a(tmpL9Cjnwpebble.o)
 .text.app_timer_reschedule
                0x0000000000000000        0xc /Users/gdanda/pebble-dev/PebbleSDK-2.8.1/Pebble/lib/libpebble.a(tmpL9Cjnwpebble.o)
 .text.atan2_lookup
                0x0000000000000000        0xc /Users/gdanda/pebble-dev/PebbleSDK-2.8.1/Pebble/lib/libpebble.a(tmpL9Cjnwpebble.o)
 .text.atoi     0x0000000000000000        0xc /Users/gdanda/pebble-dev/PebbleSDK-2.8.1/Pebble/lib/libpebble.a(tmpL9Cjnwpebble.o)
 .text.atol     0x0000000000000000        0xc /Users/gdanda/pebble-dev/PebbleSDK-2.8.1/Pebble/lib/libpebble.a(tmpL9Cjnwpebble.o)
 .text.battery_state_service_peek
                0x0000000000000000        0xc /Users/gdanda/pebble-dev/PebbleSDK-2.8.1/Pebble/lib/libpebble.a(tmpL9Cjnwpebble.o)
 .text.battery_state_service_subscribe
                0x0000000000000000        0xc /Users/gdanda/pebble-dev/PebbleSDK-2.8.1/Pebble/lib/libpebble.a(tmpL9Cjnwpebble.o)
 .text.battery_state_service_unsubscribe
                0x0000000000000000        0xc /Users/gdanda/pebble-dev/PebbleSDK-2.8.1/Pebble/lib/libpebble.a(tmpL9Cjnwpebble.o)
 .text.bitmap_layer_create
                0x0000000000000000        0xc /Users/gdanda/pebble-dev/PebbleSDK-2.8.1/Pebble/lib/libpebble.a(tmpL9Cjnwpebble.o)
 .text.bitmap_layer_destroy
                0x0000000000000000        0xc /Users/gdanda/pebble-dev/PebbleSDK-2.8.1/Pebble/lib/libpebble.a(tmpL9Cjnwpebble.o)
 .text.bitmap_layer_get_layer
                0x0000000000000000        0xc /Users/gdanda/pebble-dev/PebbleSDK-2.8.1/Pebble/lib/libpebble.a(tmpL9Cjnwpebble.o)
 .text.bitmap_layer_set_alignment
                0x0000000000000000        0xc /Users/gdanda/pebble-dev/PebbleSDK-2.8.1/Pebble/lib/libpebble.a(tmpL9Cjnwpebble.o)
 .text.bitmap_layer_set_background_color
                0x0000000000000000        0xc /Users/gdanda/pebble-dev/PebbleSDK-2.8.1/Pebble/lib/libpebble.a(tmpL9Cjnwpebble.o)
 .text.bitmap_layer_set_bitmap
                0x0000000000000000        0xc /Users/gdanda/pebble-dev/PebbleSDK-2.8.1/Pebble/lib/libpebble.a(tmpL9Cjnwpebble.o)
 .text.bitmap_layer_set_compositing_mode
                0x0000000000000000        0xc /Users/gdanda/pebble-dev/PebbleSDK-2.8.1/Pebble/lib/libpebble.a(tmpL9Cjnwpebble.o)
 .text.bluetooth_connection_service_peek
                0x0000000000000000        0xc /Users/gdanda/pebble-dev/PebbleSDK-2.8.1/Pebble/lib/libpebble.a(tmpL9Cjnwpebble.o)
 .text.bluetooth_connection_service_subscribe
                0x0000000000000000        0xc /Users/gdanda/pebble-dev/PebbleSDK-2.8.1/Pebble/lib/libpebble.a(tmpL9Cjnwpebble.o)
 .text.bluetooth_connection_service_unsubscribe
                0x0000000000000000        0xc /Users/gdanda/pebble-dev/PebbleSDK-2.8.1/Pebble/lib/libpebble.a(tmpL9Cjnwpebble.o)
 .text.click_number_of_clicks_counted
                0x0000000000000000        0xc /Users/gdanda/pebble-dev/PebbleSDK-2.8.1/Pebble/lib/libpebble.a(tmpL9Cjnwpebble.o)
 .text.click_recognizer_get_button_id
                0x0000000000000000        0xc /Users/gdanda/pebble-dev/PebbleSDK-2.8.1/Pebble/lib/libpebble.a(tmpL9Cjnwpebble.o)
 .text.clock_copy_time_string
                0x0000000000000000        0xc /Users/gdanda/pebble-dev/PebbleSDK-2.8.1/Pebble/lib/libpebble.a(tmpL9Cjnwpebble.o)
 .text.clock_is_24h_style
                0x0000000000000000        0xc /Users/gdanda/pebble-dev/PebbleSDK-2.8.1/Pebble/lib/libpebble.a(tmpL9Cjnwpebble.o)
 .text.cos_lookup
                0x0000000000000000        0xc /Users/gdanda/pebble-dev/PebbleSDK-2.8.1/Pebble/lib/libpebble.a(tmpL9Cjnwpebble.o)
 .text.data_logging_create
                0x0000000000000000        0xc /Users/gdanda/pebble-dev/PebbleSDK-2.8.1/Pebble/lib/libpebble.a(tmpL9Cjnwpebble.o)
 .text.data_logging_finish
                0x0000000000000000        0xc /Users/gdanda/pebble-dev/PebbleSDK-2.8.1/Pebble/lib/libpebble.a(tmpL9Cjnwpebble.o)
 .text.data_logging_log
                0x0000000000000000        0xc /Users/gdanda/pebble-dev/PebbleSDK-2.8.1/Pebble/lib/libpebble.a(tmpL9Cjnwpebble.o)
 .text.dict_calc_buffer_size
                0x0000000000000000        0xc /Users/gdanda/pebble-dev/PebbleSDK-2.8.1/Pebble/lib/libpebble.a(tmpL9Cjnwpebble.o)
 .text.dict_calc_buffer_size_from_tuplets
                0x0000000000000000        0xc /Users/gdanda/pebble-dev/PebbleSDK-2.8.1/Pebble/lib/libpebble.a(tmpL9Cjnwpebble.o)
 .text.dict_find
                0x0000000000000000        0xc /Users/gdanda/pebble-dev/PebbleSDK-2.8.1/Pebble/lib/libpebble.a(tmpL9Cjnwpebble.o)
 .text.dict_merge
                0x0000000000000000        0xc /Users/gdanda/pebble-dev/PebbleSDK-2.8.1/Pebble/lib/libpebble.a(tmpL9Cjnwpebble.o)
 .text.dict_read_begin_from_buffer
                0x0000000000000000        0xc /Users/gdanda/pebble-dev/PebbleSDK-2.8.1/Pebble/lib/libpebble.a(tmpL9Cjnwpebble.o)
 .text.dict_read_first
                0x0000000000000000        0xc /Users/gdanda/pebble-dev/PebbleSDK-2.8.1/Pebble/lib/libpebble.a(tmpL9Cjnwpebble.o)
 .text.dict_read_next
                0x0000000000000000        0xc /Users/gdanda/pebble-dev/PebbleSDK-2.8.1/Pebble/lib/libpebble.a(tmpL9Cjnwpebble.o)
 .text.dict_serialize_tuplets
                0x0000000000000000        0xc /Users/gdanda/pebble-dev/PebbleSDK-2.8.1/Pebble/lib/libpebble.a(tmpL9Cjnwpebble.o)
 .text.dict_serialize_tuplets_to_buffer__deprecated
                0x0000000000000000        0xc /Users/gdanda/pebble-dev/PebbleSDK-2.8.1/Pebble/lib/libpebble.a(tmpL9Cjnwpebble.o)
 .text.dict_serialize_tuplets_to_buffer_with_iter
                0x0000000000000000        0xc /Users/gdanda/pebble-dev/PebbleSDK-2.8.1/Pebble/lib/libpebble.a(tmpL9Cjnwpebble.o)
 .text.dict_write_begin
                0x0000000000000000        0xc /Users/gdanda/pebble-dev/PebbleSDK-2.8.1/Pebble/lib/libpebble.a(tmpL9Cjnwpebble.o)
 .text.dict_write_cstring
                0x0000000000000000        0xc /Users/gdanda/pebble-dev/PebbleSDK-2.8.1/Pebble/lib/libpebble.a(tmpL9Cjnwpebble.o)
 .text.dict_write_data
                0x0000000000000000        0xc /Users/gdanda/pebble-dev/PebbleSDK-2.8.1/Pebble/lib/libpebble.a(tmpL9Cjnwpebble.o)
 .text.dict_write_end
                0x0000000000000000        0xc /Users/gdanda/pebble-dev/PebbleSDK-2.8.1/Pebble/lib/libpebble.a(tmpL9Cjnwpebble.o)
 .text.dict_write_int
                0x0000000000000000        0xc /Users/gdanda/pebble-dev/PebbleSDK-2.8.1/Pebble/lib/libpebble.a(tmpL9Cjnwpebble.o)
 .text.dict_write_int16
                0x0000000000000000        0xc /Users/gdanda/pebble-dev/PebbleSDK-2.8.1/Pebble/lib/libpebble.a(tmpL9Cjnwpebble.o)
 .text.dict_write_int32
                0x0000000000000000        0xc /Users/gdanda/pebble-dev/PebbleSDK-2.8.1/Pebble/lib/libpebble.a(tmpL9Cjnwpebble.o)
 .text.dict_write_int8
                0x0000000000000000        0xc /Users/gdanda/pebble-dev/PebbleSDK-2.8.1/Pebble/lib/libpebble.a(tmpL9Cjnwpebble.o)
 .text.dict_write_tuplet
                0x0000000000000000        0xc /Users/gdanda/pebble-dev/PebbleSDK-2.8.1/Pebble/lib/libpebble.a(tmpL9Cjnwpebble.o)
 .text.dict_write_uint16
                0x0000000000000000        0xc /Users/gdanda/pebble-dev/PebbleSDK-2.8.1/Pebble/lib/libpebble.a(tmpL9Cjnwpebble.o)
 .text.dict_write_uint32
                0x0000000000000000        0xc /Users/gdanda/pebble-dev/PebbleSDK-2.8.1/Pebble/lib/libpebble.a(tmpL9Cjnwpebble.o)
 .text.dict_write_uint8
                0x0000000000000000        0xc /Users/gdanda/pebble-dev/PebbleSDK-2.8.1/Pebble/lib/libpebble.a(tmpL9Cjnwpebble.o)
 .text.fonts_get_system_font
                0x0000000000000000        0xc /Users/gdanda/pebble-dev/PebbleSDK-2.8.1/Pebble/lib/libpebble.a(tmpL9Cjnwpebble.o)
 .text.fonts_load_custom_font
                0x0000000000000000        0xc /Users/gdanda/pebble-dev/PebbleSDK-2.8.1/Pebble/lib/libpebble.a(tmpL9Cjnwpebble.o)
 .text.fonts_unload_custom_font
                0x0000000000000000        0xc /Users/gdanda/pebble-dev/PebbleSDK-2.8.1/Pebble/lib/libpebble.a(tmpL9Cjnwpebble.o)
 .text.free     0x0000000000000000        0xc /Users/gdanda/pebble-dev/PebbleSDK-2.8.1/Pebble/lib/libpebble.a(tmpL9Cjnwpebble.o)
 .text.gbitmap_create_as_sub_bitmap
                0x0000000000000000        0xc /Users/gdanda/pebble-dev/PebbleSDK-2.8.1/Pebble/lib/libpebble.a(tmpL9Cjnwpebble.o)
 .text.gbitmap_create_with_data
                0x0000000000000000        0xc /Users/gdanda/pebble-dev/PebbleSDK-2.8.1/Pebble/lib/libpebble.a(tmpL9Cjnwpebble.o)
 .text.gbitmap_create_with_resource
                0x0000000000000000        0xc /Users/gdanda/pebble-dev/PebbleSDK-2.8.1/Pebble/lib/libpebble.a(tmpL9Cjnwpebble.o)
 .text.gbitmap_destroy
                0x0000000000000000        0xc /Users/gdanda/pebble-dev/PebbleSDK-2.8.1/Pebble/lib/libpebble.a(tmpL9Cjnwpebble.o)
 .text.gmtime   0x0000000000000000        0xc /Users/gdanda/pebble-dev/PebbleSDK-2.8.1/Pebble/lib/libpebble.a(tmpL9Cjnwpebble.o)
 .text.gpath_create
                0x0000000000000000        0xc /Users/gdanda/pebble-dev/PebbleSDK-2.8.1/Pebble/lib/libpebble.a(tmpL9Cjnwpebble.o)
 .text.gpath_destroy
                0x0000000000000000        0xc /Users/gdanda/pebble-dev/PebbleSDK-2.8.1/Pebble/lib/libpebble.a(tmpL9Cjnwpebble.o)
 .text.gpath_draw_filled_legacy
                0x0000000000000000        0xc /Users/gdanda/pebble-dev/PebbleSDK-2.8.1/Pebble/lib/libpebble.a(tmpL9Cjnwpebble.o)
 .text.gpath_draw_outline
                0x0000000000000000        0xc /Users/gdanda/pebble-dev/PebbleSDK-2.8.1/Pebble/lib/libpebble.a(tmpL9Cjnwpebble.o)
 .text.gpath_move_to
                0x0000000000000000        0xc /Users/gdanda/pebble-dev/PebbleSDK-2.8.1/Pebble/lib/libpebble.a(tmpL9Cjnwpebble.o)
 .text.gpath_rotate_to
                0x0000000000000000        0xc /Users/gdanda/pebble-dev/PebbleSDK-2.8.1/Pebble/lib/libpebble.a(tmpL9Cjnwpebble.o)
 .text.gpoint_equal
                0x0000000000000000        0xc /Users/gdanda/pebble-dev/PebbleSDK-2.8.1/Pebble/lib/libpebble.a(tmpL9Cjnwpebble.o)
 .text.graphics_context_set_compositing_mode
                0x0000000000000000        0xc /Users/gdanda/pebble-dev/PebbleSDK-2.8.1/Pebble/lib/libpebble.a(tmpL9Cjnwpebble.o)
 .text.graphics_context_set_stroke_color
                0x0000000000000000        0xc /Users/gdanda/pebble-dev/PebbleSDK-2.8.1/Pebble/lib/libpebble.a(tmpL9Cjnwpebble.o)
 .text.graphics_context_set_text_color
                0x0000000000000000        0xc /Users/gdanda/pebble-dev/PebbleSDK-2.8.1/Pebble/lib/libpebble.a(tmpL9Cjnwpebble.o)
 .text.graphics_draw_bitmap_in_rect
                0x0000000000000000        0xc /Users/gdanda/pebble-dev/PebbleSDK-2.8.1/Pebble/lib/libpebble.a(tmpL9Cjnwpebble.o)
 .text.graphics_draw_circle
                0x0000000000000000        0xc /Users/gdanda/pebble-dev/PebbleSDK-2.8.1/Pebble/lib/libpebble.a(tmpL9Cjnwpebble.o)
 .text.graphics_draw_line
                0x0000000000000000        0xc /Users/gdanda/pebble-dev/PebbleSDK-2.8.1/Pebble/lib/libpebble.a(tmpL9Cjnwpebble.o)
 .text.graphics_draw_pixel
                0x0000000000000000        0xc /Users/gdanda/pebble-dev/PebbleSDK-2.8.1/Pebble/lib/libpebble.a(tmpL9Cjnwpebble.o)
 .text.graphics_draw_rect
                0x0000000000000000        0xc /Users/gdanda/pebble-dev/PebbleSDK-2.8.1/Pebble/lib/libpebble.a(tmpL9Cjnwpebble.o)
 .text.graphics_draw_round_rect
                0x0000000000000000        0xc /Users/gdanda/pebble-dev/PebbleSDK-2.8.1/Pebble/lib/libpebble.a(tmpL9Cjnwpebble.o)
 .text.graphics_fill_rect
                0x0000000000000000        0xc /Users/gdanda/pebble-dev/PebbleSDK-2.8.1/Pebble/lib/libpebble.a(tmpL9Cjnwpebble.o)
 .text.graphics_text_layout_get_max_used_size
                0x0000000000000000        0xc /Users/gdanda/pebble-dev/PebbleSDK-2.8.1/Pebble/lib/libpebble.a(tmpL9Cjnwpebble.o)
 .text.grect_align
                0x0000000000000000        0xc /Users/gdanda/pebble-dev/PebbleSDK-2.8.1/Pebble/lib/libpebble.a(tmpL9Cjnwpebble.o)
 .text.grect_center_point
                0x0000000000000000        0xc /Users/gdanda/pebble-dev/PebbleSDK-2.8.1/Pebble/lib/libpebble.a(tmpL9Cjnwpebble.o)
 .text.grect_clip
                0x0000000000000000        0xc /Users/gdanda/pebble-dev/PebbleSDK-2.8.1/Pebble/lib/libpebble.a(tmpL9Cjnwpebble.o)
 .text.grect_contains_point
                0x0000000000000000        0xc /Users/gdanda/pebble-dev/PebbleSDK-2.8.1/Pebble/lib/libpebble.a(tmpL9Cjnwpebble.o)
 .text.grect_crop
                0x0000000000000000        0xc /Users/gdanda/pebble-dev/PebbleSDK-2.8.1/Pebble/lib/libpebble.a(tmpL9Cjnwpebble.o)
 .text.grect_equal
                0x0000000000000000        0xc /Users/gdanda/pebble-dev/PebbleSDK-2.8.1/Pebble/lib/libpebble.a(tmpL9Cjnwpebble.o)
 .text.grect_is_empty
                0x0000000000000000        0xc /Users/gdanda/pebble-dev/PebbleSDK-2.8.1/Pebble/lib/libpebble.a(tmpL9Cjnwpebble.o)
 .text.grect_standardize
                0x0000000000000000        0xc /Users/gdanda/pebble-dev/PebbleSDK-2.8.1/Pebble/lib/libpebble.a(tmpL9Cjnwpebble.o)
 .text.gsize_equal
                0x0000000000000000        0xc /Users/gdanda/pebble-dev/PebbleSDK-2.8.1/Pebble/lib/libpebble.a(tmpL9Cjnwpebble.o)
 .text.inverter_layer_create
                0x0000000000000000        0xc /Users/gdanda/pebble-dev/PebbleSDK-2.8.1/Pebble/lib/libpebble.a(tmpL9Cjnwpebble.o)
 .text.inverter_layer_destroy
                0x0000000000000000        0xc /Users/gdanda/pebble-dev/PebbleSDK-2.8.1/Pebble/lib/libpebble.a(tmpL9Cjnwpebble.o)
 .text.inverter_layer_get_layer
                0x0000000000000000        0xc /Users/gdanda/pebble-dev/PebbleSDK-2.8.1/Pebble/lib/libpebble.a(tmpL9Cjnwpebble.o)
 .text.layer_create_with_data
                0x0000000000000000        0xc /Users/gdanda/pebble-dev/PebbleSDK-2.8.1/Pebble/lib/libpebble.a(tmpL9Cjnwpebble.o)
 .text.layer_get_bounds
                0x0000000000000000        0xc /Users/gdanda/pebble-dev/PebbleSDK-2.8.1/Pebble/lib/libpebble.a(tmpL9Cjnwpebble.o)
 .text.layer_get_clips
                0x0000000000000000        0xc /Users/gdanda/pebble-dev/PebbleSDK-2.8.1/Pebble/lib/libpebble.a(tmpL9Cjnwpebble.o)
 .text.layer_get_data
                0x0000000000000000        0xc /Users/gdanda/pebble-dev/PebbleSDK-2.8.1/Pebble/lib/libpebble.a(tmpL9Cjnwpebble.o)
 .text.layer_get_hidden
                0x0000000000000000        0xc /Users/gdanda/pebble-dev/PebbleSDK-2.8.1/Pebble/lib/libpebble.a(tmpL9Cjnwpebble.o)
 .text.layer_get_window
                0x0000000000000000        0xc /Users/gdanda/pebble-dev/PebbleSDK-2.8.1/Pebble/lib/libpebble.a(tmpL9Cjnwpebble.o)
 .text.layer_insert_above_sibling
                0x0000000000000000        0xc /Users/gdanda/pebble-dev/PebbleSDK-2.8.1/Pebble/lib/libpebble.a(tmpL9Cjnwpebble.o)
 .text.layer_insert_below_sibling
                0x0000000000000000        0xc /Users/gdanda/pebble-dev/PebbleSDK-2.8.1/Pebble/lib/libpebble.a(tmpL9Cjnwpebble.o)
 .text.layer_remove_child_layers
                0x0000000000000000        0xc /Users/gdanda/pebble-dev/PebbleSDK-2.8.1/Pebble/lib/libpebble.a(tmpL9Cjnwpebble.o)
 .text.layer_remove_from_parent
                0x0000000000000000        0xc /Users/gdanda/pebble-dev/PebbleSDK-2.8.1/Pebble/lib/libpebble.a(tmpL9Cjnwpebble.o)
 .text.layer_set_bounds
                0x0000000000000000        0xc /Users/gdanda/pebble-dev/PebbleSDK-2.8.1/Pebble/lib/libpebble.a(tmpL9Cjnwpebble.o)
 .text.layer_set_clips
                0x0000000000000000        0xc /Users/gdanda/pebble-dev/PebbleSDK-2.8.1/Pebble/lib/libpebble.a(tmpL9Cjnwpebble.o)
 .text.layer_set_frame
                0x0000000000000000        0xc /Users/gdanda/pebble-dev/PebbleSDK-2.8.1/Pebble/lib/libpebble.a(tmpL9Cjnwpebble.o)
 .text.layer_set_hidden
                0x0000000000000000        0xc /Users/gdanda/pebble-dev/PebbleSDK-2.8.1/Pebble/lib/libpebble.a(tmpL9Cjnwpebble.o)
 .text.light_enable
                0x0000000000000000        0xc /Users/gdanda/pebble-dev/PebbleSDK-2.8.1/Pebble/lib/libpebble.a(tmpL9Cjnwpebble.o)
 .text.light_enable_interaction
                0x0000000000000000        0xc /Users/gdanda/pebble-dev/PebbleSDK-2.8.1/Pebble/lib/libpebble.a(tmpL9Cjnwpebble.o)
 .text.localtime
                0x0000000000000000        0xc /Users/gdanda/pebble-dev/PebbleSDK-2.8.1/Pebble/lib/libpebble.a(tmpL9Cjnwpebble.o)
 .text.malloc   0x0000000000000000        0xc /Users/gdanda/pebble-dev/PebbleSDK-2.8.1/Pebble/lib/libpebble.a(tmpL9Cjnwpebble.o)
 .text.memcpy   0x0000000000000000        0xc /Users/gdanda/pebble-dev/PebbleSDK-2.8.1/Pebble/lib/libpebble.a(tmpL9Cjnwpebble.o)
 .text.memmove  0x0000000000000000        0xc /Users/gdanda/pebble-dev/PebbleSDK-2.8.1/Pebble/lib/libpebble.a(tmpL9Cjnwpebble.o)
 .text.menu_cell_basic_draw
                0x0000000000000000        0xc /Users/gdanda/pebble-dev/PebbleSDK-2.8.1/Pebble/lib/libpebble.a(tmpL9Cjnwpebble.o)
 .text.menu_cell_basic_header_draw
                0x0000000000000000        0xc /Users/gdanda/pebble-dev/PebbleSDK-2.8.1/Pebble/lib/libpebble.a(tmpL9Cjnwpebble.o)
 .text.menu_cell_title_draw
                0x0000000000000000        0xc /Users/gdanda/pebble-dev/PebbleSDK-2.8.1/Pebble/lib/libpebble.a(tmpL9Cjnwpebble.o)
 .text.menu_index_compare
                0x0000000000000000        0xc /Users/gdanda/pebble-dev/PebbleSDK-2.8.1/Pebble/lib/libpebble.a(tmpL9Cjnwpebble.o)
 .text.menu_layer_create
                0x0000000000000000        0xc /Users/gdanda/pebble-dev/PebbleSDK-2.8.1/Pebble/lib/libpebble.a(tmpL9Cjnwpebble.o)
 .text.menu_layer_destroy
                0x0000000000000000        0xc /Users/gdanda/pebble-dev/PebbleSDK-2.8.1/Pebble/lib/libpebble.a(tmpL9Cjnwpebble.o)
 .text.menu_layer_get_layer
                0x0000000000000000        0xc /Users/gdanda/pebble-dev/PebbleSDK-2.8.1/Pebble/lib/libpebble.a(tmpL9Cjnwpebble.o)
 .text.menu_layer_get_scroll_layer
                0x0000000000000000        0xc /Users/gdanda/pebble-dev/PebbleSDK-2.8.1/Pebble/lib/libpebble.a(tmpL9Cjnwpebble.o)
 .text.menu_layer_get_selected_index
                0x0000000000000000        0xc /Users/gdanda/pebble-dev/PebbleSDK-2.8.1/Pebble/lib/libpebble.a(tmpL9Cjnwpebble.o)
 .text.menu_layer_reload_data
                0x0000000000000000        0xc /Users/gdanda/pebble-dev/PebbleSDK-2.8.1/Pebble/lib/libpebble.a(tmpL9Cjnwpebble.o)
 .text.menu_layer_set_callbacks__deprecated
                0x0000000000000000        0xc /Users/gdanda/pebble-dev/PebbleSDK-2.8.1/Pebble/lib/libpebble.a(tmpL9Cjnwpebble.o)
 .text.menu_layer_set_click_config_onto_window
                0x0000000000000000        0xc /Users/gdanda/pebble-dev/PebbleSDK-2.8.1/Pebble/lib/libpebble.a(tmpL9Cjnwpebble.o)
 .text.menu_layer_set_selected_index
                0x0000000000000000        0xc /Users/gdanda/pebble-dev/PebbleSDK-2.8.1/Pebble/lib/libpebble.a(tmpL9Cjnwpebble.o)
 .text.menu_layer_set_selected_next
                0x0000000000000000        0xc /Users/gdanda/pebble-dev/PebbleSDK-2.8.1/Pebble/lib/libpebble.a(tmpL9Cjnwpebble.o)
 .text.number_window_create
                0x0000000000000000        0xc /Users/gdanda/pebble-dev/PebbleSDK-2.8.1/Pebble/lib/libpebble.a(tmpL9Cjnwpebble.o)
 .text.number_window_destroy
                0x0000000000000000        0xc /Users/gdanda/pebble-dev/PebbleSDK-2.8.1/Pebble/lib/libpebble.a(tmpL9Cjnwpebble.o)
 .text.number_window_get_value
                0x0000000000000000        0xc /Users/gdanda/pebble-dev/PebbleSDK-2.8.1/Pebble/lib/libpebble.a(tmpL9Cjnwpebble.o)
 .text.number_window_set_label
                0x0000000000000000        0xc /Users/gdanda/pebble-dev/PebbleSDK-2.8.1/Pebble/lib/libpebble.a(tmpL9Cjnwpebble.o)
 .text.number_window_set_max
                0x0000000000000000        0xc /Users/gdanda/pebble-dev/PebbleSDK-2.8.1/Pebble/lib/libpebble.a(tmpL9Cjnwpebble.o)
 .text.number_window_set_min
                0x0000000000000000        0xc /Users/gdanda/pebble-dev/PebbleSDK-2.8.1/Pebble/lib/libpebble.a(tmpL9Cjnwpebble.o)
 .text.number_window_set_step_size
                0x0000000000000000        0xc /Users/gdanda/pebble-dev/PebbleSDK-2.8.1/Pebble/lib/libpebble.a(tmpL9Cjnwpebble.o)
 .text.number_window_set_value
                0x0000000000000000        0xc /Users/gdanda/pebble-dev/PebbleSDK-2.8.1/Pebble/lib/libpebble.a(tmpL9Cjnwpebble.o)
 .text.persist_delete
                0x0000000000000000        0xc /Users/gdanda/pebble-dev/PebbleSDK-2.8.1/Pebble/lib/libpebble.a(tmpL9Cjnwpebble.o)
 .text.persist_exists
                0x0000000000000000        0xc /Users/gdanda/pebble-dev/PebbleSDK-2.8.1/Pebble/lib/libpebble.a(tmpL9Cjnwpebble.o)
 .text.persist_get_size
                0x0000000000000000        0xc /Users/gdanda/pebble-dev/PebbleSDK-2.8.1/Pebble/lib/libpebble.a(tmpL9Cjnwpebble.o)
 .text.persist_read_bool
                0x0000000000000000        0xc /Users/gdanda/pebble-dev/PebbleSDK-2.8.1/Pebble/lib/libpebble.a(tmpL9Cjnwpebble.o)
 .text.persist_read_data__deprecated
                0x0000000000000000        0xc /Users/gdanda/pebble-dev/PebbleSDK-2.8.1/Pebble/lib/libpebble.a(tmpL9Cjnwpebble.o)
 .text.persist_read_int
                0x0000000000000000        0xc /Users/gdanda/pebble-dev/PebbleSDK-2.8.1/Pebble/lib/libpebble.a(tmpL9Cjnwpebble.o)
 .text.persist_read_string__deprecated
                0x0000000000000000        0xc /Users/gdanda/pebble-dev/PebbleSDK-2.8.1/Pebble/lib/libpebble.a(tmpL9Cjnwpebble.o)
 .text.persist_write_bool
                0x0000000000000000        0xc /Users/gdanda/pebble-dev/PebbleSDK-2.8.1/Pebble/lib/libpebble.a(tmpL9Cjnwpebble.o)
 .text.persist_write_data__deprecated
                0x0000000000000000        0xc /Users/gdanda/pebble-dev/PebbleSDK-2.8.1/Pebble/lib/libpebble.a(tmpL9Cjnwpebble.o)
 .text.persist_write_int
                0x0000000000000000        0xc /Users/gdanda/pebble-dev/PebbleSDK-2.8.1/Pebble/lib/libpebble.a(tmpL9Cjnwpebble.o)
 .text.persist_write_string
                0x0000000000000000        0xc /Users/gdanda/pebble-dev/PebbleSDK-2.8.1/Pebble/lib/libpebble.a(tmpL9Cjnwpebble.o)
 .text.property_animation_create
                0x0000000000000000        0xc /Users/gdanda/pebble-dev/PebbleSDK-2.8.1/Pebble/lib/libpebble.a(tmpL9Cjnwpebble.o)
 .text.property_animation_create_layer_frame
                0x0000000000000000        0xc /Users/gdanda/pebble-dev/PebbleSDK-2.8.1/Pebble/lib/libpebble.a(tmpL9Cjnwpebble.o)
 .text.property_animation_destroy
                0x0000000000000000        0xc /Users/gdanda/pebble-dev/PebbleSDK-2.8.1/Pebble/lib/libpebble.a(tmpL9Cjnwpebble.o)
 .text.property_animation_update_gpoint
                0x0000000000000000        0xc /Users/gdanda/pebble-dev/PebbleSDK-2.8.1/Pebble/lib/libpebble.a(tmpL9Cjnwpebble.o)
 .text.property_animation_update_grect
                0x0000000000000000        0xc /Users/gdanda/pebble-dev/PebbleSDK-2.8.1/Pebble/lib/libpebble.a(tmpL9Cjnwpebble.o)
 .text.property_animation_update_int16
                0x0000000000000000        0xc /Users/gdanda/pebble-dev/PebbleSDK-2.8.1/Pebble/lib/libpebble.a(tmpL9Cjnwpebble.o)
 .text.psleep   0x0000000000000000        0xc /Users/gdanda/pebble-dev/PebbleSDK-2.8.1/Pebble/lib/libpebble.a(tmpL9Cjnwpebble.o)
 .text.rand     0x0000000000000000        0xc /Users/gdanda/pebble-dev/PebbleSDK-2.8.1/Pebble/lib/libpebble.a(tmpL9Cjnwpebble.o)
 .text.resource_get_handle
                0x0000000000000000        0xc /Users/gdanda/pebble-dev/PebbleSDK-2.8.1/Pebble/lib/libpebble.a(tmpL9Cjnwpebble.o)
 .text.resource_load
                0x0000000000000000        0xc /Users/gdanda/pebble-dev/PebbleSDK-2.8.1/Pebble/lib/libpebble.a(tmpL9Cjnwpebble.o)
 .text.resource_load_byte_range
                0x0000000000000000        0xc /Users/gdanda/pebble-dev/PebbleSDK-2.8.1/Pebble/lib/libpebble.a(tmpL9Cjnwpebble.o)
 .text.resource_size
                0x0000000000000000        0xc /Users/gdanda/pebble-dev/PebbleSDK-2.8.1/Pebble/lib/libpebble.a(tmpL9Cjnwpebble.o)
 .text.rot_bitmap_layer_create
                0x0000000000000000        0xc /Users/gdanda/pebble-dev/PebbleSDK-2.8.1/Pebble/lib/libpebble.a(tmpL9Cjnwpebble.o)
 .text.rot_bitmap_layer_destroy
                0x0000000000000000        0xc /Users/gdanda/pebble-dev/PebbleSDK-2.8.1/Pebble/lib/libpebble.a(tmpL9Cjnwpebble.o)
 .text.rot_bitmap_layer_increment_angle
                0x0000000000000000        0xc /Users/gdanda/pebble-dev/PebbleSDK-2.8.1/Pebble/lib/libpebble.a(tmpL9Cjnwpebble.o)
 .text.rot_bitmap_layer_set_angle
                0x0000000000000000        0xc /Users/gdanda/pebble-dev/PebbleSDK-2.8.1/Pebble/lib/libpebble.a(tmpL9Cjnwpebble.o)
 .text.rot_bitmap_layer_set_corner_clip_color
                0x0000000000000000        0xc /Users/gdanda/pebble-dev/PebbleSDK-2.8.1/Pebble/lib/libpebble.a(tmpL9Cjnwpebble.o)
 .text.rot_bitmap_set_compositing_mode
                0x0000000000000000        0xc /Users/gdanda/pebble-dev/PebbleSDK-2.8.1/Pebble/lib/libpebble.a(tmpL9Cjnwpebble.o)
 .text.rot_bitmap_set_src_ic
                0x0000000000000000        0xc /Users/gdanda/pebble-dev/PebbleSDK-2.8.1/Pebble/lib/libpebble.a(tmpL9Cjnwpebble.o)
 .text.scroll_layer_add_child
                0x0000000000000000        0xc /Users/gdanda/pebble-dev/PebbleSDK-2.8.1/Pebble/lib/libpebble.a(tmpL9Cjnwpebble.o)
 .text.scroll_layer_create
                0x0000000000000000        0xc /Users/gdanda/pebble-dev/PebbleSDK-2.8.1/Pebble/lib/libpebble.a(tmpL9Cjnwpebble.o)
 .text.scroll_layer_destroy
                0x0000000000000000        0xc /Users/gdanda/pebble-dev/PebbleSDK-2.8.1/Pebble/lib/libpebble.a(tmpL9Cjnwpebble.o)
 .text.scroll_layer_get_content_offset
                0x0000000000000000        0xc /Users/gdanda/pebble-dev/PebbleSDK-2.8.1/Pebble/lib/libpebble.a(tmpL9Cjnwpebble.o)
 .text.scroll_layer_get_content_size
                0x0000000000000000        0xc /Users/gdanda/pebble-dev/PebbleSDK-2.8.1/Pebble/lib/libpebble.a(tmpL9Cjnwpebble.o)
 .text.scroll_layer_get_layer
                0x0000000000000000        0xc /Users/gdanda/pebble-dev/PebbleSDK-2.8.1/Pebble/lib/libpebble.a(tmpL9Cjnwpebble.o)
 .text.scroll_layer_get_shadow_hidden
                0x0000000000000000        0xc /Users/gdanda/pebble-dev/PebbleSDK-2.8.1/Pebble/lib/libpebble.a(tmpL9Cjnwpebble.o)
 .text.scroll_layer_scroll_down_click_handler
                0x0000000000000000        0xc /Users/gdanda/pebble-dev/PebbleSDK-2.8.1/Pebble/lib/libpebble.a(tmpL9Cjnwpebble.o)
 .text.scroll_layer_scroll_up_click_handler
                0x0000000000000000        0xc /Users/gdanda/pebble-dev/PebbleSDK-2.8.1/Pebble/lib/libpebble.a(tmpL9Cjnwpebble.o)
 .text.scroll_layer_set_callbacks
                0x0000000000000000        0xc /Users/gdanda/pebble-dev/PebbleSDK-2.8.1/Pebble/lib/libpebble.a(tmpL9Cjnwpebble.o)
 .text.scroll_layer_set_click_config_onto_window
                0x0000000000000000        0xc /Users/gdanda/pebble-dev/PebbleSDK-2.8.1/Pebble/lib/libpebble.a(tmpL9Cjnwpebble.o)
 .text.scroll_layer_set_content_offset
                0x0000000000000000        0xc /Users/gdanda/pebble-dev/PebbleSDK-2.8.1/Pebble/lib/libpebble.a(tmpL9Cjnwpebble.o)
 .text.scroll_layer_set_content_size
                0x0000000000000000        0xc /Users/gdanda/pebble-dev/PebbleSDK-2.8.1/Pebble/lib/libpebble.a(tmpL9Cjnwpebble.o)
 .text.scroll_layer_set_context
                0x0000000000000000        0xc /Users/gdanda/pebble-dev/PebbleSDK-2.8.1/Pebble/lib/libpebble.a(tmpL9Cjnwpebble.o)
 .text.scroll_layer_set_frame
                0x0000000000000000        0xc /Users/gdanda/pebble-dev/PebbleSDK-2.8.1/Pebble/lib/libpebble.a(tmpL9Cjnwpebble.o)
 .text.scroll_layer_set_shadow_hidden
                0x0000000000000000        0xc /Users/gdanda/pebble-dev/PebbleSDK-2.8.1/Pebble/lib/libpebble.a(tmpL9Cjnwpebble.o)
 .text.simple_menu_layer_create
                0x0000000000000000        0xc /Users/gdanda/pebble-dev/PebbleSDK-2.8.1/Pebble/lib/libpebble.a(tmpL9Cjnwpebble.o)
 .text.simple_menu_layer_destroy
                0x0000000000000000        0xc /Users/gdanda/pebble-dev/PebbleSDK-2.8.1/Pebble/lib/libpebble.a(tmpL9Cjnwpebble.o)
 .text.simple_menu_layer_get_layer
                0x0000000000000000        0xc /Users/gdanda/pebble-dev/PebbleSDK-2.8.1/Pebble/lib/libpebble.a(tmpL9Cjnwpebble.o)
 .text.simple_menu_layer_get_selected_index
                0x0000000000000000        0xc /Users/gdanda/pebble-dev/PebbleSDK-2.8.1/Pebble/lib/libpebble.a(tmpL9Cjnwpebble.o)
 .text.simple_menu_layer_set_selected_index
                0x0000000000000000        0xc /Users/gdanda/pebble-dev/PebbleSDK-2.8.1/Pebble/lib/libpebble.a(tmpL9Cjnwpebble.o)
 .text.sin_lookup
                0x0000000000000000        0xc /Users/gdanda/pebble-dev/PebbleSDK-2.8.1/Pebble/lib/libpebble.a(tmpL9Cjnwpebble.o)
 .text.snprintf
                0x0000000000000000        0xc /Users/gdanda/pebble-dev/PebbleSDK-2.8.1/Pebble/lib/libpebble.a(tmpL9Cjnwpebble.o)
 .text.srand    0x0000000000000000        0xc /Users/gdanda/pebble-dev/PebbleSDK-2.8.1/Pebble/lib/libpebble.a(tmpL9Cjnwpebble.o)
 .text.strcat   0x0000000000000000        0xc /Users/gdanda/pebble-dev/PebbleSDK-2.8.1/Pebble/lib/libpebble.a(tmpL9Cjnwpebble.o)
 .text.strcmp   0x0000000000000000        0xc /Users/gdanda/pebble-dev/PebbleSDK-2.8.1/Pebble/lib/libpebble.a(tmpL9Cjnwpebble.o)
 .text.strcpy   0x0000000000000000        0xc /Users/gdanda/pebble-dev/PebbleSDK-2.8.1/Pebble/lib/libpebble.a(tmpL9Cjnwpebble.o)
 .text.strftime
                0x0000000000000000        0xc /Users/gdanda/pebble-dev/PebbleSDK-2.8.1/Pebble/lib/libpebble.a(tmpL9Cjnwpebble.o)
 .text.strlen   0x0000000000000000        0xc /Users/gdanda/pebble-dev/PebbleSDK-2.8.1/Pebble/lib/libpebble.a(tmpL9Cjnwpebble.o)
 .text.strncat  0x0000000000000000        0xc /Users/gdanda/pebble-dev/PebbleSDK-2.8.1/Pebble/lib/libpebble.a(tmpL9Cjnwpebble.o)
 .text.strncmp  0x0000000000000000        0xc /Users/gdanda/pebble-dev/PebbleSDK-2.8.1/Pebble/lib/libpebble.a(tmpL9Cjnwpebble.o)
 .text.strncpy  0x0000000000000000        0xc /Users/gdanda/pebble-dev/PebbleSDK-2.8.1/Pebble/lib/libpebble.a(tmpL9Cjnwpebble.o)
 .text.text_layer_create
                0x0000000000000000        0xc /Users/gdanda/pebble-dev/PebbleSDK-2.8.1/Pebble/lib/libpebble.a(tmpL9Cjnwpebble.o)
 .text.text_layer_destroy
                0x0000000000000000        0xc /Users/gdanda/pebble-dev/PebbleSDK-2.8.1/Pebble/lib/libpebble.a(tmpL9Cjnwpebble.o)
 .text.text_layer_get_content_size
                0x0000000000000000        0xc /Users/gdanda/pebble-dev/PebbleSDK-2.8.1/Pebble/lib/libpebble.a(tmpL9Cjnwpebble.o)
 .text.text_layer_get_layer
                0x0000000000000000        0xc /Users/gdanda/pebble-dev/PebbleSDK-2.8.1/Pebble/lib/libpebble.a(tmpL9Cjnwpebble.o)
 .text.text_layer_get_text
                0x0000000000000000        0xc /Users/gdanda/pebble-dev/PebbleSDK-2.8.1/Pebble/lib/libpebble.a(tmpL9Cjnwpebble.o)
 .text.text_layer_set_background_color
                0x0000000000000000        0xc /Users/gdanda/pebble-dev/PebbleSDK-2.8.1/Pebble/lib/libpebble.a(tmpL9Cjnwpebble.o)
 .text.text_layer_set_font
                0x0000000000000000        0xc /Users/gdanda/pebble-dev/PebbleSDK-2.8.1/Pebble/lib/libpebble.a(tmpL9Cjnwpebble.o)
 .text.text_layer_set_overflow_mode
                0x0000000000000000        0xc /Users/gdanda/pebble-dev/PebbleSDK-2.8.1/Pebble/lib/libpebble.a(tmpL9Cjnwpebble.o)
 .text.text_layer_set_size
                0x0000000000000000        0xc /Users/gdanda/pebble-dev/PebbleSDK-2.8.1/Pebble/lib/libpebble.a(tmpL9Cjnwpebble.o)
 .text.text_layer_set_text
                0x0000000000000000        0xc /Users/gdanda/pebble-dev/PebbleSDK-2.8.1/Pebble/lib/libpebble.a(tmpL9Cjnwpebble.o)
 .text.text_layer_set_text_alignment
                0x0000000000000000        0xc /Users/gdanda/pebble-dev/PebbleSDK-2.8.1/Pebble/lib/libpebble.a(tmpL9Cjnwpebble.o)
 .text.text_layer_set_text_color
                0x0000000000000000        0xc /Users/gdanda/pebble-dev/PebbleSDK-2.8.1/Pebble/lib/libpebble.a(tmpL9Cjnwpebble.o)
 .text.tick_timer_service_subscribe
                0x0000000000000000        0xc /Users/gdanda/pebble-dev/PebbleSDK-2.8.1/Pebble/lib/libpebble.a(tmpL9Cjnwpebble.o)
 .text.tick_timer_service_unsubscribe
                0x0000000000000000        0xc /Users/gdanda/pebble-dev/PebbleSDK-2.8.1/Pebble/lib/libpebble.a(tmpL9Cjnwpebble.o)
 .text.time     0x0000000000000000        0xc /Users/gdanda/pebble-dev/PebbleSDK-2.8.1/Pebble/lib/libpebble.a(tmpL9Cjnwpebble.o)
 .text.time_ms  0x0000000000000000        0xc /Users/gdanda/pebble-dev/PebbleSDK-2.8.1/Pebble/lib/libpebble.a(tmpL9Cjnwpebble.o)
 .text.vibes_cancel
                0x0000000000000000        0xc /Users/gdanda/pebble-dev/PebbleSDK-2.8.1/Pebble/lib/libpebble.a(tmpL9Cjnwpebble.o)
 .text.vibes_double_pulse
                0x0000000000000000        0xc /Users/gdanda/pebble-dev/PebbleSDK-2.8.1/Pebble/lib/libpebble.a(tmpL9Cjnwpebble.o)
 .text.vibes_enqueue_custom_pattern
                0x0000000000000000        0xc /Users/gdanda/pebble-dev/PebbleSDK-2.8.1/Pebble/lib/libpebble.a(tmpL9Cjnwpebble.o)
 .text.vibes_long_pulse
                0x0000000000000000        0xc /Users/gdanda/pebble-dev/PebbleSDK-2.8.1/Pebble/lib/libpebble.a(tmpL9Cjnwpebble.o)
 .text.vibes_short_pulse
                0x0000000000000000        0xc /Users/gdanda/pebble-dev/PebbleSDK-2.8.1/Pebble/lib/libpebble.a(tmpL9Cjnwpebble.o)
 .text.window_get_click_config_provider
                0x0000000000000000        0xc /Users/gdanda/pebble-dev/PebbleSDK-2.8.1/Pebble/lib/libpebble.a(tmpL9Cjnwpebble.o)
 .text.window_get_fullscreen
                0x0000000000000000        0xc /Users/gdanda/pebble-dev/PebbleSDK-2.8.1/Pebble/lib/libpebble.a(tmpL9Cjnwpebble.o)
 .text.window_is_loaded
                0x0000000000000000        0xc /Users/gdanda/pebble-dev/PebbleSDK-2.8.1/Pebble/lib/libpebble.a(tmpL9Cjnwpebble.o)
 .text.window_set_click_config_provider
                0x0000000000000000        0xc /Users/gdanda/pebble-dev/PebbleSDK-2.8.1/Pebble/lib/libpebble.a(tmpL9Cjnwpebble.o)
 .text.window_set_click_config_provider_with_context
                0x0000000000000000        0xc /Users/gdanda/pebble-dev/PebbleSDK-2.8.1/Pebble/lib/libpebble.a(tmpL9Cjnwpebble.o)
 .text.window_set_fullscreen
                0x0000000000000000        0xc /Users/gdanda/pebble-dev/PebbleSDK-2.8.1/Pebble/lib/libpebble.a(tmpL9Cjnwpebble.o)
 .text.window_set_status_bar_icon
                0x0000000000000000        0xc /Users/gdanda/pebble-dev/PebbleSDK-2.8.1/Pebble/lib/libpebble.a(tmpL9Cjnwpebble.o)
 .text.window_stack_contains_window
                0x0000000000000000        0xc /Users/gdanda/pebble-dev/PebbleSDK-2.8.1/Pebble/lib/libpebble.a(tmpL9Cjnwpebble.o)
 .text.window_stack_get_top_window
                0x0000000000000000        0xc /Users/gdanda/pebble-dev/PebbleSDK-2.8.1/Pebble/lib/libpebble.a(tmpL9Cjnwpebble.o)
 .text.window_stack_pop
                0x0000000000000000        0xc /Users/gdanda/pebble-dev/PebbleSDK-2.8.1/Pebble/lib/libpebble.a(tmpL9Cjnwpebble.o)
 .text.window_stack_pop_all
                0x0000000000000000        0xc /Users/gdanda/pebble-dev/PebbleSDK-2.8.1/Pebble/lib/libpebble.a(tmpL9Cjnwpebble.o)
 .text.window_stack_remove
                0x0000000000000000        0xc /Users/gdanda/pebble-dev/PebbleSDK-2.8.1/Pebble/lib/libpebble.a(tmpL9Cjnwpebble.o)
 .text.app_focus_service_subscribe
                0x0000000000000000        0xc /Users/gdanda/pebble-dev/PebbleSDK-2.8.1/Pebble/lib/libpebble.a(tmpL9Cjnwpebble.o)
 .text.app_focus_service_unsubscribe
                0x0000000000000000        0xc /Users/gdanda/pebble-dev/PebbleSDK-2.8.1/Pebble/lib/libpebble.a(tmpL9Cjnwpebble.o)
 .text.window_get_user_data
                0x0000000000000000        0xc /Users/gdanda/pebble-dev/PebbleSDK-2.8.1/Pebble/lib/libpebble.a(tmpL9Cjnwpebble.o)
 .text.window_set_user_data
                0x0000000000000000        0xc /Users/gdanda/pebble-dev/PebbleSDK-2.8.1/Pebble/lib/libpebble.a(tmpL9Cjnwpebble.o)
 .text.app_message_get_context
                0x0000000000000000        0xc /Users/gdanda/pebble-dev/PebbleSDK-2.8.1/Pebble/lib/libpebble.a(tmpL9Cjnwpebble.o)
 .text.app_message_inbox_size_maximum
                0x0000000000000000        0xc /Users/gdanda/pebble-dev/PebbleSDK-2.8.1/Pebble/lib/libpebble.a(tmpL9Cjnwpebble.o)
 .text.app_message_outbox_begin
                0x0000000000000000        0xc /Users/gdanda/pebble-dev/PebbleSDK-2.8.1/Pebble/lib/libpebble.a(tmpL9Cjnwpebble.o)
 .text.app_message_outbox_send
                0x0000000000000000        0xc /Users/gdanda/pebble-dev/PebbleSDK-2.8.1/Pebble/lib/libpebble.a(tmpL9Cjnwpebble.o)
 .text.app_message_outbox_size_maximum
                0x0000000000000000        0xc /Users/gdanda/pebble-dev/PebbleSDK-2.8.1/Pebble/lib/libpebble.a(tmpL9Cjnwpebble.o)
 .text.app_message_register_inbox_dropped
                0x0000000000000000        0xc /Users/gdanda/pebble-dev/PebbleSDK-2.8.1/Pebble/lib/libpebble.a(tmpL9Cjnwpebble.o)
 .text.app_message_register_inbox_received
                0x0000000000000000        0xc /Users/gdanda/pebble-dev/PebbleSDK-2.8.1/Pebble/lib/libpebble.a(tmpL9Cjnwpebble.o)
 .text.app_message_register_outbox_failed
                0x0000000000000000        0xc /Users/gdanda/pebble-dev/PebbleSDK-2.8.1/Pebble/lib/libpebble.a(tmpL9Cjnwpebble.o)
 .text.app_message_register_outbox_sent
                0x0000000000000000        0xc /Users/gdanda/pebble-dev/PebbleSDK-2.8.1/Pebble/lib/libpebble.a(tmpL9Cjnwpebble.o)
 .text.app_message_set_context
                0x0000000000000000        0xc /Users/gdanda/pebble-dev/PebbleSDK-2.8.1/Pebble/lib/libpebble.a(tmpL9Cjnwpebble.o)
 .text.window_long_click_subscribe
                0x0000000000000000        0xc /Users/gdanda/pebble-dev/PebbleSDK-2.8.1/Pebble/lib/libpebble.a(tmpL9Cjnwpebble.o)
 .text.window_multi_click_subscribe
                0x0000000000000000        0xc /Users/gdanda/pebble-dev/PebbleSDK-2.8.1/Pebble/lib/libpebble.a(tmpL9Cjnwpebble.o)
 .text.window_raw_click_subscribe
                0x0000000000000000        0xc /Users/gdanda/pebble-dev/PebbleSDK-2.8.1/Pebble/lib/libpebble.a(tmpL9Cjnwpebble.o)
 .text.window_set_click_context
                0x0000000000000000        0xc /Users/gdanda/pebble-dev/PebbleSDK-2.8.1/Pebble/lib/libpebble.a(tmpL9Cjnwpebble.o)
 .text.window_single_click_subscribe
                0x0000000000000000        0xc /Users/gdanda/pebble-dev/PebbleSDK-2.8.1/Pebble/lib/libpebble.a(tmpL9Cjnwpebble.o)
 .text.window_single_repeating_click_subscribe
                0x0000000000000000        0xc /Users/gdanda/pebble-dev/PebbleSDK-2.8.1/Pebble/lib/libpebble.a(tmpL9Cjnwpebble.o)
 .text.graphics_draw_text
                0x0000000000000000        0xc /Users/gdanda/pebble-dev/PebbleSDK-2.8.1/Pebble/lib/libpebble.a(tmpL9Cjnwpebble.o)
 .text.dict_serialize_tuplets_to_buffer
                0x0000000000000000        0xc /Users/gdanda/pebble-dev/PebbleSDK-2.8.1/Pebble/lib/libpebble.a(tmpL9Cjnwpebble.o)
 .text.persist_read_data
                0x0000000000000000        0xc /Users/gdanda/pebble-dev/PebbleSDK-2.8.1/Pebble/lib/libpebble.a(tmpL9Cjnwpebble.o)
 .text.persist_read_string
                0x0000000000000000        0xc /Users/gdanda/pebble-dev/PebbleSDK-2.8.1/Pebble/lib/libpebble.a(tmpL9Cjnwpebble.o)
 .text.persist_write_data
                0x0000000000000000        0xc /Users/gdanda/pebble-dev/PebbleSDK-2.8.1/Pebble/lib/libpebble.a(tmpL9Cjnwpebble.o)
 .text.dict_size
                0x0000000000000000        0xc /Users/gdanda/pebble-dev/PebbleSDK-2.8.1/Pebble/lib/libpebble.a(tmpL9Cjnwpebble.o)
 .text.graphics_text_layout_get_content_size
                0x0000000000000000        0xc /Users/gdanda/pebble-dev/PebbleSDK-2.8.1/Pebble/lib/libpebble.a(tmpL9Cjnwpebble.o)
 .text.simple_menu_layer_get_menu_layer
                0x0000000000000000        0xc /Users/gdanda/pebble-dev/PebbleSDK-2.8.1/Pebble/lib/libpebble.a(tmpL9Cjnwpebble.o)
 .text.calloc   0x0000000000000000        0xc /Users/gdanda/pebble-dev/PebbleSDK-2.8.1/Pebble/lib/libpebble.a(tmpL9Cjnwpebble.o)
 .text.bitmap_layer_get_bitmap
                0x0000000000000000        0xc /Users/gdanda/pebble-dev/PebbleSDK-2.8.1/Pebble/lib/libpebble.a(tmpL9Cjnwpebble.o)
 .text.menu_layer_set_callbacks
                0x0000000000000000        0xc /Users/gdanda/pebble-dev/PebbleSDK-2.8.1/Pebble/lib/libpebble.a(tmpL9Cjnwpebble.o)
 .text.window_get_click_config_context
                0x0000000000000000        0xc /Users/gdanda/pebble-dev/PebbleSDK-2.8.1/Pebble/lib/libpebble.a(tmpL9Cjnwpebble.o)
 .text.number_window_get_window
                0x0000000000000000        0xc /Users/gdanda/pebble-dev/PebbleSDK-2.8.1/Pebble/lib/libpebble.a(tmpL9Cjnwpebble.o)
 .text.realloc  0x0000000000000000        0xc /Users/gdanda/pebble-dev/PebbleSDK-2.8.1/Pebble/lib/libpebble.a(tmpL9Cjnwpebble.o)
 .text.gbitmap_create_blank
                0x0000000000000000        0xc /Users/gdanda/pebble-dev/PebbleSDK-2.8.1/Pebble/lib/libpebble.a(tmpL9Cjnwpebble.o)
 .text.click_recognizer_is_repeating
                0x0000000000000000        0xc /Users/gdanda/pebble-dev/PebbleSDK-2.8.1/Pebble/lib/libpebble.a(tmpL9Cjnwpebble.o)
 .text.accel_raw_data_service_subscribe
                0x0000000000000000        0xc /Users/gdanda/pebble-dev/PebbleSDK-2.8.1/Pebble/lib/libpebble.a(tmpL9Cjnwpebble.o)
 .text.app_worker_is_running
                0x0000000000000000        0xc /Users/gdanda/pebble-dev/PebbleSDK-2.8.1/Pebble/lib/libpebble.a(tmpL9Cjnwpebble.o)
 .text.app_worker_kill
                0x0000000000000000        0xc /Users/gdanda/pebble-dev/PebbleSDK-2.8.1/Pebble/lib/libpebble.a(tmpL9Cjnwpebble.o)
 .text.app_worker_launch
                0x0000000000000000        0xc /Users/gdanda/pebble-dev/PebbleSDK-2.8.1/Pebble/lib/libpebble.a(tmpL9Cjnwpebble.o)
 .text.app_worker_message_subscribe
                0x0000000000000000        0xc /Users/gdanda/pebble-dev/PebbleSDK-2.8.1/Pebble/lib/libpebble.a(tmpL9Cjnwpebble.o)
 .text.app_worker_message_unsubscribe
                0x0000000000000000        0xc /Users/gdanda/pebble-dev/PebbleSDK-2.8.1/Pebble/lib/libpebble.a(tmpL9Cjnwpebble.o)
 .text.app_worker_send_message
                0x0000000000000000        0xc /Users/gdanda/pebble-dev/PebbleSDK-2.8.1/Pebble/lib/libpebble.a(tmpL9Cjnwpebble.o)
 .text.worker_event_loop
                0x0000000000000000        0xc /Users/gdanda/pebble-dev/PebbleSDK-2.8.1/Pebble/lib/libpebble.a(tmpL9Cjnwpebble.o)
 .text.worker_launch_app
                0x0000000000000000        0xc /Users/gdanda/pebble-dev/PebbleSDK-2.8.1/Pebble/lib/libpebble.a(tmpL9Cjnwpebble.o)
 .text.heap_bytes_free
                0x0000000000000000        0xc /Users/gdanda/pebble-dev/PebbleSDK-2.8.1/Pebble/lib/libpebble.a(tmpL9Cjnwpebble.o)
 .text.heap_bytes_used
                0x0000000000000000        0xc /Users/gdanda/pebble-dev/PebbleSDK-2.8.1/Pebble/lib/libpebble.a(tmpL9Cjnwpebble.o)
 .text.compass_service_peek
                0x0000000000000000        0xc /Users/gdanda/pebble-dev/PebbleSDK-2.8.1/Pebble/lib/libpebble.a(tmpL9Cjnwpebble.o)
 .text.compass_service_set_heading_filter
                0x0000000000000000        0xc /Users/gdanda/pebble-dev/PebbleSDK-2.8.1/Pebble/lib/libpebble.a(tmpL9Cjnwpebble.o)
 .text.compass_service_subscribe
                0x0000000000000000        0xc /Users/gdanda/pebble-dev/PebbleSDK-2.8.1/Pebble/lib/libpebble.a(tmpL9Cjnwpebble.o)
 .text.compass_service_unsubscribe
                0x0000000000000000        0xc /Users/gdanda/pebble-dev/PebbleSDK-2.8.1/Pebble/lib/libpebble.a(tmpL9Cjnwpebble.o)
 .text.uuid_equal
                0x0000000000000000        0xc /Users/gdanda/pebble-dev/PebbleSDK-2.8.1/Pebble/lib/libpebble.a(tmpL9Cjnwpebble.o)
 .text.uuid_to_string
                0x0000000000000000        0xc /Users/gdanda/pebble-dev/PebbleSDK-2.8.1/Pebble/lib/libpebble.a(tmpL9Cjnwpebble.o)
 .text.gpath_draw_filled
                0x0000000000000000        0xc /Users/gdanda/pebble-dev/PebbleSDK-2.8.1/Pebble/lib/libpebble.a(tmpL9Cjnwpebble.o)
 .text.animation_set_custom_curve
                0x0000000000000000        0xc /Users/gdanda/pebble-dev/PebbleSDK-2.8.1/Pebble/lib/libpebble.a(tmpL9Cjnwpebble.o)
 .text.watch_info_get_color
                0x0000000000000000        0xc /Users/gdanda/pebble-dev/PebbleSDK-2.8.1/Pebble/lib/libpebble.a(tmpL9Cjnwpebble.o)
 .text.watch_info_get_firmware_version
                0x0000000000000000        0xc /Users/gdanda/pebble-dev/PebbleSDK-2.8.1/Pebble/lib/libpebble.a(tmpL9Cjnwpebble.o)
 .text.watch_info_get_model
                0x0000000000000000        0xc /Users/gdanda/pebble-dev/PebbleSDK-2.8.1/Pebble/lib/libpebble.a(tmpL9Cjnwpebble.o)
 .text.graphics_capture_frame_buffer
                0x0000000000000000        0xc /Users/gdanda/pebble-dev/PebbleSDK-2.8.1/Pebble/lib/libpebble.a(tmpL9Cjnwpebble.o)
 .text.graphics_frame_buffer_is_captured
                0x0000000000000000        0xc /Users/gdanda/pebble-dev/PebbleSDK-2.8.1/Pebble/lib/libpebble.a(tmpL9Cjnwpebble.o)
 .text.graphics_release_frame_buffer
                0x0000000000000000        0xc /Users/gdanda/pebble-dev/PebbleSDK-2.8.1/Pebble/lib/libpebble.a(tmpL9Cjnwpebble.o)
 .text.clock_to_timestamp
                0x0000000000000000        0xc /Users/gdanda/pebble-dev/PebbleSDK-2.8.1/Pebble/lib/libpebble.a(tmpL9Cjnwpebble.o)
 .text.launch_reason
                0x0000000000000000        0xc /Users/gdanda/pebble-dev/PebbleSDK-2.8.1/Pebble/lib/libpebble.a(tmpL9Cjnwpebble.o)
 .text.wakeup_cancel
                0x0000000000000000        0xc /Users/gdanda/pebble-dev/PebbleSDK-2.8.1/Pebble/lib/libpebble.a(tmpL9Cjnwpebble.o)
 .text.wakeup_cancel_all
                0x0000000000000000        0xc /Users/gdanda/pebble-dev/PebbleSDK-2.8.1/Pebble/lib/libpebble.a(tmpL9Cjnwpebble.o)
 .text.wakeup_get_launch_event
                0x0000000000000000        0xc /Users/gdanda/pebble-dev/PebbleSDK-2.8.1/Pebble/lib/libpebble.a(tmpL9Cjnwpebble.o)
 .text.wakeup_query
                0x0000000000000000        0xc /Users/gdanda/pebble-dev/PebbleSDK-2.8.1/Pebble/lib/libpebble.a(tmpL9Cjnwpebble.o)
 .text.wakeup_schedule
                0x0000000000000000        0xc /Users/gdanda/pebble-dev/PebbleSDK-2.8.1/Pebble/lib/libpebble.a(tmpL9Cjnwpebble.o)
 .text.wakeup_service_subscribe
                0x0000000000000000        0xc /Users/gdanda/pebble-dev/PebbleSDK-2.8.1/Pebble/lib/libpebble.a(tmpL9Cjnwpebble.o)
 .text.clock_is_timezone_set
                0x0000000000000000        0xc /Users/gdanda/pebble-dev/PebbleSDK-2.8.1/Pebble/lib/libpebble.a(tmpL9Cjnwpebble.o)
 .text.i18n_get_system_locale
                0x0000000000000000        0xc /Users/gdanda/pebble-dev/PebbleSDK-2.8.1/Pebble/lib/libpebble.a(tmpL9Cjnwpebble.o)
 .text._localeconv_r
                0x0000000000000000        0xc /Users/gdanda/pebble-dev/PebbleSDK-2.8.1/Pebble/lib/libpebble.a(tmpL9Cjnwpebble.o)
 .text.setlocale
                0x0000000000000000        0xc /Users/gdanda/pebble-dev/PebbleSDK-2.8.1/Pebble/lib/libpebble.a(tmpL9Cjnwpebble.o)
 .bss           0x0000000000000000        0x0 /Users/gdanda/pebble-dev/PebbleSDK-2.8.1/arm-cs-tools/bin/../lib/gcc/arm-none-eabi/4.7.2/thumb2/libgcc.a(_arm_addsubdf3.o)
 .bss           0x0000000000000000        0x0 /Users/gdanda/pebble-dev/PebbleSDK-2.8.1/arm-cs-tools/bin/../lib/gcc/arm-none-eabi/4.7.2/thumb2/libgcc.a(_arm_muldivdf3.o)
 .bss           0x0000000000000000        0x0 /Users/gdanda/pebble-dev/PebbleSDK-2.8.1/arm-cs-tools/bin/../lib/gcc/arm-none-eabi/4.7.2/thumb2/libgcc.a(_arm_cmpdf2.o)
 .bss           0x0000000000000000        0x0 /Users/gdanda/pebble-dev/PebbleSDK-2.8.1/arm-cs-tools/bin/../lib/gcc/arm-none-eabi/4.7.2/thumb2/libgcc.a(_arm_fixdfsi.o)
 .bss           0x0000000000000000        0x0 /Users/gdanda/pebble-dev/PebbleSDK-2.8.1/arm-cs-tools/bin/../lib/gcc/arm-none-eabi/4.7.2/thumb2/libgcc.a(_arm_fixunsdfsi.o)
 .text          0x0000000000000000        0x0 /Users/gdanda/pebble-dev/PebbleSDK-2.8.1/arm-cs-tools/bin/../lib/gcc/arm-none-eabi/4.7.2/thumb2/crtend.o
 .bss           0x0000000000000000        0x0 /Users/gdanda/pebble-dev/PebbleSDK-2.8.1/arm-cs-tools/bin/../lib/gcc/arm-none-eabi/4.7.2/thumb2/crtend.o
 .eh_frame      0x0000000000000000        0x4 /Users/gdanda/pebble-dev/PebbleSDK-2.8.1/arm-cs-tools/bin/../lib/gcc/arm-none-eabi/4.7.2/thumb2/crtend.o
 .jcr           0x0000000000000000        0x4 /Users/gdanda/pebble-dev/PebbleSDK-2.8.1/arm-cs-tools/bin/../lib/gcc/arm-none-eabi/4.7.2/thumb2/crtend.o
 .tm_clone_table
                0x0000000000000000        0x0 /Users/gdanda/pebble-dev/PebbleSDK-2.8.1/arm-cs-tools/bin/../lib/gcc/arm-none-eabi/4.7.2/thumb2/crtend.o
 .text          0x0000000000000000        0x0 /Users/gdanda/pebble-dev/PebbleSDK-2.8.1/arm-cs-tools/bin/../lib/gcc/arm-none-eabi/4.7.2/thumb2/crtn.o
 .bss           0x0000000000000000        0x0 /Users/gdanda/pebble-dev/PebbleSDK-2.8.1/arm-cs-tools/bin/../lib/gcc/arm-none-eabi/4.7.2/thumb2/crtn.o
 .init          0x0000000000000000        0x8 /Users/gdanda/pebble-dev/PebbleSDK-2.8.1/arm-cs-tools/bin/../lib/gcc/arm-none-eabi/4.7.2/thumb2/crtn.o
 .fini          0x0000000000000000        0x8 /Users/gdanda/pebble-dev/PebbleSDK-2.8.1/arm-cs-tools/bin/../lib/gcc/arm-none-eabi/4.7.2/thumb2/crtn.o

Memory Configuration

Name             Origin             Length             Attributes
APP              0x0000000000000000 0x0000000000006000 xrw
*default*        0x0000000000000000 0xffffffffffffffff

Linker script and memory map

LOAD /Users/gdanda/pebble-dev/PebbleSDK-2.8.1/arm-cs-tools/bin/../lib/gcc/arm-none-eabi/4.7.2/thumb2/crti.o
LOAD /Users/gdanda/pebble-dev/PebbleSDK-2.8.1/arm-cs-tools/bin/../lib/gcc/arm-none-eabi/4.7.2/thumb2/crtbegin.o
LOAD src/feature_accel_discs.c.7.o
LOAD appinfo.auto.c.7.o
LOAD /Users/gdanda/pebble-dev/PebbleSDK-2.8.1/Pebble/lib/libpebble.a
START GROUP
LOAD /Users/gdanda/pebble-dev/PebbleSDK-2.8.1/arm-cs-tools/bin/../lib/gcc/arm-none-eabi/4.7.2/thumb2/libgcc.a
LOAD /Users/gdanda/pebble-dev/PebbleSDK-2.8.1/arm-cs-tools/bin/../lib/gcc/arm-none-eabi/4.7.2/../../../../arm-none-eabi/lib/thumb2/libc.a
END GROUP
LOAD /Users/gdanda/pebble-dev/PebbleSDK-2.8.1/arm-cs-tools/bin/../lib/gcc/arm-none-eabi/4.7.2/thumb2/crtend.o
LOAD /Users/gdanda/pebble-dev/PebbleSDK-2.8.1/arm-cs-tools/bin/../lib/gcc/arm-none-eabi/4.7.2/thumb2/crtn.o

.header         0x0000000000000000       0x82
 *(.pbl_header)
 .pbl_header    0x0000000000000000       0x82 appinfo.auto.c.7.o
                0x0000000000000000                __pbl_app_info

.text           0x0000000000000088      0xe34
 *(.text)
 .text          0x0000000000000088       0x14 /Users/gdanda/pebble-dev/PebbleSDK-2.8.1/Pebble/lib/libpebble.a(tmpL9Cjnwpebble.o)
 .text          0x000000000000009c      0x370 /Users/gdanda/pebble-dev/PebbleSDK-2.8.1/arm-cs-tools/bin/../lib/gcc/arm-none-eabi/4.7.2/thumb2/libgcc.a(_arm_addsubdf3.o)
                0x000000000000009c                __aeabi_drsub
                0x00000000000000a4                __subdf3
                0x00000000000000a4                __aeabi_dsub
                0x00000000000000a8                __aeabi_dadd
                0x00000000000000a8                __adddf3
                0x0000000000000320                __aeabi_ui2d
                0x0000000000000320                __floatunsidf
                0x0000000000000340                __floatsidf
                0x0000000000000340                __aeabi_i2d
                0x0000000000000364                __extendsfdf2
                0x0000000000000364                __aeabi_f2d
                0x00000000000003a0                __aeabi_ul2d
                0x00000000000003a0                __floatundidf
                0x00000000000003b0                __aeabi_l2d
                0x00000000000003b0                __floatdidf
 .text          0x000000000000040c      0x424 /Users/gdanda/pebble-dev/PebbleSDK-2.8.1/arm-cs-tools/bin/../lib/gcc/arm-none-eabi/4.7.2/thumb2/libgcc.a(_arm_muldivdf3.o)
                0x000000000000040c                __aeabi_dmul
                0x000000000000040c                __muldf3
                0x0000000000000660                __aeabi_ddiv
                0x0000000000000660                __divdf3
 .text          0x0000000000000830      0x110 /Users/gdanda/pebble-dev/PebbleSDK-2.8.1/arm-cs-tools/bin/../lib/gcc/arm-none-eabi/4.7.2/thumb2/libgcc.a(_arm_cmpdf2.o)
                0x0000000000000830                __gtdf2
                0x0000000000000830                __gedf2
                0x0000000000000838                __ltdf2
                0x0000000000000838                __ledf2
                0x0000000000000840                __eqdf2
                0x0000000000000840                __nedf2
                0x0000000000000840                __cmpdf2
                0x00000000000008bc                __aeabi_cdrcmple
                0x00000000000008cc                __aeabi_cdcmple
                0x00000000000008cc                __aeabi_cdcmpeq
                0x00000000000008dc                __aeabi_dcmpeq
                0x00000000000008f0                __aeabi_dcmplt
                0x0000000000000904                __aeabi_dcmple
                0x0000000000000918                __aeabi_dcmpge
                0x000000000000092c                __aeabi_dcmpgt
 .text          0x0000000000000940       0x50 /Users/gdanda/pebble-dev/PebbleSDK-2.8.1/arm-cs-tools/bin/../lib/gcc/arm-none-eabi/4.7.2/thumb2/libgcc.a(_arm_fixdfsi.o)
                0x0000000000000940                __fixdfsi
                0x0000000000000940                __aeabi_d2iz
 .text          0x0000000000000990       0x40 /Users/gdanda/pebble-dev/PebbleSDK-2.8.1/arm-cs-tools/bin/../lib/gcc/arm-none-eabi/4.7.2/thumb2/libgcc.a(_arm_fixunsdfsi.o)
                0x0000000000000990                __fixunsdfsi
                0x0000000000000990                __aeabi_d2uiz
 *(.text.*)
 .text.timer_callback
                0x00000000000009d0      0x1f8 src/feature_accel_discs.c.7.o
 .text.window_unload
                0x0000000000000bc8       0x10 src/feature_accel_discs.c.7.o
 .text.window_load
                0x0000000000000bd8      0x118 src/feature_accel_discs.c.7.o
 .text.disc_layer_update_callback
                0x0000000000000cf0       0x54 src/feature_accel_discs.c.7.o
 .text.startup.main
                0x0000000000000d44       0x88 src/feature_accel_discs.c.7.o
                0x0000000000000d44                main
 .text.accel_data_service_unsubscribe
                0x0000000000000dcc        0xc /Users/gdanda/pebble-dev/PebbleSDK-2.8.1/Pebble/lib/libpebble.a(tmpL9Cjnwpebble.o)
                0x0000000000000dcc                accel_data_service_unsubscribe
 .text.accel_service_peek
                0x0000000000000dd8        0xc /Users/gdanda/pebble-dev/PebbleSDK-2.8.1/Pebble/lib/libpebble.a(tmpL9Cjnwpebble.o)
                0x0000000000000dd8                accel_service_peek
 .text.app_event_loop
                0x0000000000000de4        0xc /Users/gdanda/pebble-dev/PebbleSDK-2.8.1/Pebble/lib/libpebble.a(tmpL9Cjnwpebble.o)
                0x0000000000000de4                app_event_loop
 .text.app_timer_register
                0x0000000000000df0        0xc /Users/gdanda/pebble-dev/PebbleSDK-2.8.1/Pebble/lib/libpebble.a(tmpL9Cjnwpebble.o)
                0x0000000000000df0                app_timer_register
 .text.graphics_context_set_fill_color
                0x0000000000000dfc        0xc /Users/gdanda/pebble-dev/PebbleSDK-2.8.1/Pebble/lib/libpebble.a(tmpL9Cjnwpebble.o)
                0x0000000000000dfc                graphics_context_set_fill_color
 .text.graphics_fill_circle
                0x0000000000000e08        0xc /Users/gdanda/pebble-dev/PebbleSDK-2.8.1/Pebble/lib/libpebble.a(tmpL9Cjnwpebble.o)
                0x0000000000000e08                graphics_fill_circle
 .text.layer_add_child
                0x0000000000000e14        0xc /Users/gdanda/pebble-dev/PebbleSDK-2.8.1/Pebble/lib/libpebble.a(tmpL9Cjnwpebble.o)
                0x0000000000000e14                layer_add_child
 .text.layer_create
                0x0000000000000e20        0xc /Users/gdanda/pebble-dev/PebbleSDK-2.8.1/Pebble/lib/libpebble.a(tmpL9Cjnwpebble.o)
                0x0000000000000e20                layer_create
 .text.layer_destroy
                0x0000000000000e2c        0xc /Users/gdanda/pebble-dev/PebbleSDK-2.8.1/Pebble/lib/libpebble.a(tmpL9Cjnwpebble.o)
                0x0000000000000e2c                layer_destroy
 .text.layer_get_frame
                0x0000000000000e38        0xc /Users/gdanda/pebble-dev/PebbleSDK-2.8.1/Pebble/lib/libpebble.a(tmpL9Cjnwpebble.o)
                0x0000000000000e38                layer_get_frame
 .text.layer_mark_dirty
                0x0000000000000e44        0xc /Users/gdanda/pebble-dev/PebbleSDK-2.8.1/Pebble/lib/libpebble.a(tmpL9Cjnwpebble.o)
                0x0000000000000e44                layer_mark_dirty
 .text.layer_set_update_proc
                0x0000000000000e50        0xc /Users/gdanda/pebble-dev/PebbleSDK-2.8.1/Pebble/lib/libpebble.a(tmpL9Cjnwpebble.o)
                0x0000000000000e50                layer_set_update_proc
 .text.memset   0x0000000000000e5c        0xc /Users/gdanda/pebble-dev/PebbleSDK-2.8.1/Pebble/lib/libpebble.a(tmpL9Cjnwpebble.o)
                0x0000000000000e5c                memset
 .text.window_create
                0x0000000000000e68        0xc /Users/gdanda/pebble-dev/PebbleSDK-2.8.1/Pebble/lib/libpebble.a(tmpL9Cjnwpebble.o)
                0x0000000000000e68                window_create
 .text.window_destroy
                0x0000000000000e74        0xc /Users/gdanda/pebble-dev/PebbleSDK-2.8.1/Pebble/lib/libpebble.a(tmpL9Cjnwpebble.o)
                0x0000000000000e74                window_destroy
 .text.window_get_root_layer
                0x0000000000000e80        0xc /Users/gdanda/pebble-dev/PebbleSDK-2.8.1/Pebble/lib/libpebble.a(tmpL9Cjnwpebble.o)
                0x0000000000000e80                window_get_root_layer
 .text.window_set_background_color
                0x0000000000000e8c        0xc /Users/gdanda/pebble-dev/PebbleSDK-2.8.1/Pebble/lib/libpebble.a(tmpL9Cjnwpebble.o)
                0x0000000000000e8c                window_set_background_color
 .text.window_set_window_handlers
                0x0000000000000e98        0xc /Users/gdanda/pebble-dev/PebbleSDK-2.8.1/Pebble/lib/libpebble.a(tmpL9Cjnwpebble.o)
                0x0000000000000e98                window_set_window_handlers
 .text.window_stack_push
                0x0000000000000ea4        0xc /Users/gdanda/pebble-dev/PebbleSDK-2.8.1/Pebble/lib/libpebble.a(tmpL9Cjnwpebble.o)
                0x0000000000000ea4                window_stack_push
 .text.accel_data_service_subscribe
                0x0000000000000eb0        0xc /Users/gdanda/pebble-dev/PebbleSDK-2.8.1/Pebble/lib/libpebble.a(tmpL9Cjnwpebble.o)
                0x0000000000000eb0                accel_data_service_subscribe
 *(.rodata)
 *(.rodata*)

.glue_7         0x0000000000000ebc        0x0
 .glue_7        0x0000000000000000        0x0 linker stubs

.glue_7t        0x0000000000000ebc        0x0
 .glue_7t       0x0000000000000000        0x0 linker stubs

.vfp11_veneer   0x0000000000000ebc        0x0
 .vfp11_veneer  0x0000000000000000        0x0 linker stubs

.v4_bx          0x0000000000000ebc        0x0
 .v4_bx         0x0000000000000000        0x0 linker stubs

.iplt           0x0000000000000ebc        0x0
 .iplt          0x0000000000000000        0x0 /Users/gdanda/pebble-dev/PebbleSDK-2.8.1/arm-cs-tools/bin/../lib/gcc/arm-none-eabi/4.7.2/thumb2/crtbegin.o

.rel.dyn        0x0000000000000ebc        0x0
 .rel.iplt      0x0000000000000000        0x0 /Users/gdanda/pebble-dev/PebbleSDK-2.8.1/arm-cs-tools/bin/../lib/gcc/arm-none-eabi/4.7.2/thumb2/crtbegin.o

.data           0x0000000000000ec0       0x10
 *(.data)
 .data          0x0000000000000ec0        0x0 /Users/gdanda/pebble-dev/PebbleSDK-2.8.1/arm-cs-tools/bin/../lib/gcc/arm-none-eabi/4.7.2/thumb2/crti.o
 .data          0x0000000000000ec0        0x4 /Users/gdanda/pebble-dev/PebbleSDK-2.8.1/arm-cs-tools/bin/../lib/gcc/arm-none-eabi/4.7.2/thumb2/crtbegin.o
                0x0000000000000ec0                __dso_handle
 .data          0x0000000000000ec4        0x0 src/feature_accel_discs.c.7.o
 .data          0x0000000000000ec4        0x0 appinfo.auto.c.7.o
 .data          0x0000000000000ec4        0x0 /Users/gdanda/pebble-dev/PebbleSDK-2.8.1/Pebble/lib/libpebble.a(tmpL9Cjnwpebble.o)
 .data          0x0000000000000ec4        0x0 /Users/gdanda/pebble-dev/PebbleSDK-2.8.1/arm-cs-tools/bin/../lib/gcc/arm-none-eabi/4.7.2/thumb2/libgcc.a(_arm_addsubdf3.o)
 .data          0x0000000000000ec4        0x0 /Users/gdanda/pebble-dev/PebbleSDK-2.8.1/arm-cs-tools/bin/../lib/gcc/arm-none-eabi/4.7.2/thumb2/libgcc.a(_arm_muldivdf3.o)
 .data          0x0000000000000ec4        0x0 /Users/gdanda/pebble-dev/PebbleSDK-2.8.1/arm-cs-tools/bin/../lib/gcc/arm-none-eabi/4.7.2/thumb2/libgcc.a(_arm_cmpdf2.o)
 .data          0x0000000000000ec4        0x0 /Users/gdanda/pebble-dev/PebbleSDK-2.8.1/arm-cs-tools/bin/../lib/gcc/arm-none-eabi/4.7.2/thumb2/libgcc.a(_arm_fixdfsi.o)
 .data          0x0000000000000ec4        0x0 /Users/gdanda/pebble-dev/PebbleSDK-2.8.1/arm-cs-tools/bin/../lib/gcc/arm-none-eabi/4.7.2/thumb2/libgcc.a(_arm_fixunsdfsi.o)
 .data          0x0000000000000ec4        0x0 /Users/gdanda/pebble-dev/PebbleSDK-2.8.1/arm-cs-tools/bin/../lib/gcc/arm-none-eabi/4.7.2/thumb2/crtend.o
 .data          0x0000000000000ec4        0x0 /Users/gdanda/pebble-dev/PebbleSDK-2.8.1/arm-cs-tools/bin/../lib/gcc/arm-none-eabi/4.7.2/thumb2/crtn.o
 *(.data.*)
 *fill*         0x0000000000000ec4        0x4 
 .data.next_radius
                0x0000000000000ec8        0x8 src/feature_accel_discs.c.7.o

.igot.plt       0x0000000000000ed0        0x0
 .igot.plt      0x0000000000000000        0x0 /Users/gdanda/pebble-dev/PebbleSDK-2.8.1/arm-cs-tools/bin/../lib/gcc/arm-none-eabi/4.7.2/thumb2/crtbegin.o

.bss            0x0000000000000ed0      0x3d4
 *(.bss)
 *(.bss.*)
 .bss.window_frame
                0x0000000000000ed0        0x8 src/feature_accel_discs.c.7.o
 .bss.disc_layer
                0x0000000000000ed8        0x4 src/feature_accel_discs.c.7.o
 .bss.timer     0x0000000000000edc        0x4 src/feature_accel_discs.c.7.o
 .bss.discs     0x0000000000000ee0      0x3c0 src/feature_accel_discs.c.7.o
 .bss.window    0x00000000000012a0        0x4 src/feature_accel_discs.c.7.o

DISCARD
 libc.a(*)
 libm.a(*)
 libgcc.a(*)
 *(.eh_frame)
OUTPUT(/Users/gdanda/pebble-dev/PebbleSDK-2.8.1/Examples/watchapps/feature_accel_discs/build/pebble-app.elf elf32-littlearm)

.ARM.attributes
                0x0000000000000000       0x27
 .ARM.attributes
                0x0000000000000000       0x19 /Users/gdanda/pebble-dev/PebbleSDK-2.8.1/arm-cs-tools/bin/../lib/gcc/arm-none-eabi/4.7.2/thumb2/crti.o
 .ARM.attributes
                0x0000000000000019       0x29 /Users/gdanda/pebble-dev/PebbleSDK-2.8.1/arm-cs-tools/bin/../lib/gcc/arm-none-eabi/4.7.2/thumb2/crtbegin.o
 .ARM.attributes
                0x0000000000000042       0x33 src/feature_accel_discs.c.7.o
 .ARM.attributes
                0x0000000000000075       0x33 appinfo.auto.c.7.o
 .ARM.attributes
                0x00000000000000a8       0x21 /Users/gdanda/pebble-dev/PebbleSDK-2.8.1/Pebble/lib/libpebble.a(tmpL9Cjnwpebble.o)
 .ARM.attributes
                0x00000000000000c9       0x19 /Users/gdanda/pebble-dev/PebbleSDK-2.8.1/arm-cs-tools/bin/../lib/gcc/arm-none-eabi/4.7.2/thumb2/libgcc.a(_arm_addsubdf3.o)
 .ARM.attributes
                0x00000000000000e2       0x19 /Users/gdanda/pebble-dev/PebbleSDK-2.8.1/arm-cs-tools/bin/../lib/gcc/arm-none-eabi/4.7.2/thumb2/libgcc.a(_arm_muldivdf3.o)
 .ARM.attributes
                0x00000000000000fb       0x19 /Users/gdanda/pebble-dev/PebbleSDK-2.8.1/arm-cs-tools/bin/../lib/gcc/arm-none-eabi/4.7.2/thumb2/libgcc.a(_arm_cmpdf2.o)
 .ARM.attributes
                0x0000000000000114       0x19 /Users/gdanda/pebble-dev/PebbleSDK-2.8.1/arm-cs-tools/bin/../lib/gcc/arm-none-eabi/4.7.2/thumb2/libgcc.a(_arm_fixdfsi.o)
 .ARM.attributes
                0x000000000000012d       0x19 /Users/gdanda/pebble-dev/PebbleSDK-2.8.1/arm-cs-tools/bin/../lib/gcc/arm-none-eabi/4.7.2/thumb2/libgcc.a(_arm_fixunsdfsi.o)
 .ARM.attributes
                0x0000000000000146       0x29 /Users/gdanda/pebble-dev/PebbleSDK-2.8.1/arm-cs-tools/bin/../lib/gcc/arm-none-eabi/4.7.2/thumb2/crtend.o
 .ARM.attributes
                0x000000000000016f       0x19 /Users/gdanda/pebble-dev/PebbleSDK-2.8.1/arm-cs-tools/bin/../lib/gcc/arm-none-eabi/4.7.2/thumb2/crtn.o

.comment        0x0000000000000000       0x4e
 .comment       0x0000000000000000       0x4e /Users/gdanda/pebble-dev/PebbleSDK-2.8.1/arm-cs-tools/bin/../lib/gcc/arm-none-eabi/4.7.2/thumb2/crtbegin.o
                                         0x4f (size before relaxing)
 .comment       0x0000000000000000       0x4f src/feature_accel_discs.c.7.o
 .comment       0x0000000000000000       0x4f appinfo.auto.c.7.o
 .comment       0x0000000000000000       0x4f /Users/gdanda/pebble-dev/PebbleSDK-2.8.1/arm-cs-tools/bin/../lib/gcc/arm-none-eabi/4.7.2/thumb2/crtend.o

.debug_info     0x0000000000000000     0x1193
 .debug_info    0x0000000000000000      0xaf4 src/feature_accel_discs.c.7.o
 .debug_info    0x0000000000000af4      0x302 appinfo.auto.c.7.o
 .debug_info    0x0000000000000df6       0xb9 /Users/gdanda/pebble-dev/PebbleSDK-2.8.1/arm-cs-tools/bin/../lib/gcc/arm-none-eabi/4.7.2/thumb2/libgcc.a(_arm_addsubdf3.o)
 .debug_info    0x0000000000000eaf       0xb9 /Users/gdanda/pebble-dev/PebbleSDK-2.8.1/arm-cs-tools/bin/../lib/gcc/arm-none-eabi/4.7.2/thumb2/libgcc.a(_arm_muldivdf3.o)
 .debug_info    0x0000000000000f68       0xb9 /Users/gdanda/pebble-dev/PebbleSDK-2.8.1/arm-cs-tools/bin/../lib/gcc/arm-none-eabi/4.7.2/thumb2/libgcc.a(_arm_cmpdf2.o)
 .debug_info    0x0000000000001021       0xb9 /Users/gdanda/pebble-dev/PebbleSDK-2.8.1/arm-cs-tools/bin/../lib/gcc/arm-none-eabi/4.7.2/thumb2/libgcc.a(_arm_fixdfsi.o)
 .debug_info    0x00000000000010da       0xb9 /Users/gdanda/pebble-dev/PebbleSDK-2.8.1/arm-cs-tools/bin/../lib/gcc/arm-none-eabi/4.7.2/thumb2/libgcc.a(_arm_fixunsdfsi.o)

.debug_abbrev   0x0000000000000000      0x40b
 .debug_abbrev  0x0000000000000000      0x309 src/feature_accel_discs.c.7.o
 .debug_abbrev  0x0000000000000309       0x9e appinfo.auto.c.7.o
 .debug_abbrev  0x00000000000003a7       0x14 /Users/gdanda/pebble-dev/PebbleSDK-2.8.1/arm-cs-tools/bin/../lib/gcc/arm-none-eabi/4.7.2/thumb2/libgcc.a(_arm_addsubdf3.o)
 .debug_abbrev  0x00000000000003bb       0x14 /Users/gdanda/pebble-dev/PebbleSDK-2.8.1/arm-cs-tools/bin/../lib/gcc/arm-none-eabi/4.7.2/thumb2/libgcc.a(_arm_muldivdf3.o)
 .debug_abbrev  0x00000000000003cf       0x14 /Users/gdanda/pebble-dev/PebbleSDK-2.8.1/arm-cs-tools/bin/../lib/gcc/arm-none-eabi/4.7.2/thumb2/libgcc.a(_arm_cmpdf2.o)
 .debug_abbrev  0x00000000000003e3       0x14 /Users/gdanda/pebble-dev/PebbleSDK-2.8.1/arm-cs-tools/bin/../lib/gcc/arm-none-eabi/4.7.2/thumb2/libgcc.a(_arm_fixdfsi.o)
 .debug_abbrev  0x00000000000003f7       0x14 /Users/gdanda/pebble-dev/PebbleSDK-2.8.1/arm-cs-tools/bin/../lib/gcc/arm-none-eabi/4.7.2/thumb2/libgcc.a(_arm_fixunsdfsi.o)

.debug_loc      0x0000000000000000      0x22e
 .debug_loc     0x0000000000000000      0x22e src/feature_accel_discs.c.7.o

.debug_aranges  0x0000000000000000       0xf8
 .debug_aranges
                0x0000000000000000       0x40 src/feature_accel_discs.c.7.o
 .debug_aranges
                0x0000000000000040       0x18 appinfo.auto.c.7.o
 .debug_aranges
                0x0000000000000058       0x20 /Users/gdanda/pebble-dev/PebbleSDK-2.8.1/arm-cs-tools/bin/../lib/gcc/arm-none-eabi/4.7.2/thumb2/libgcc.a(_arm_addsubdf3.o)
 .debug_aranges
                0x0000000000000078       0x20 /Users/gdanda/pebble-dev/PebbleSDK-2.8.1/arm-cs-tools/bin/../lib/gcc/arm-none-eabi/4.7.2/thumb2/libgcc.a(_arm_muldivdf3.o)
 .debug_aranges
                0x0000000000000098       0x20 /Users/gdanda/pebble-dev/PebbleSDK-2.8.1/arm-cs-tools/bin/../lib/gcc/arm-none-eabi/4.7.2/thumb2/libgcc.a(_arm_cmpdf2.o)
 .debug_aranges
                0x00000000000000b8       0x20 /Users/gdanda/pebble-dev/PebbleSDK-2.8.1/arm-cs-tools/bin/../lib/gcc/arm-none-eabi/4.7.2/thumb2/libgcc.a(_arm_fixdfsi.o)
 .debug_aranges
                0x00000000000000d8       0x20 /Users/gdanda/pebble-dev/PebbleSDK-2.8.1/arm-cs-tools/bin/../lib/gcc/arm-none-eabi/4.7.2/thumb2/libgcc.a(_arm_fixunsdfsi.o)

.debug_ranges   0x0000000000000000      0x228
 .debug_ranges  0x0000000000000000      0x228 src/feature_accel_discs.c.7.o

.debug_line     0x0000000000000000      0xa0e
 .debug_line    0x0000000000000000      0x2a8 src/feature_accel_discs.c.7.o
 .debug_line    0x00000000000002a8      0x122 appinfo.auto.c.7.o
 .debug_line    0x00000000000003ca      0x20a /Users/gdanda/pebble-dev/PebbleSDK-2.8.1/arm-cs-tools/bin/../lib/gcc/arm-none-eabi/4.7.2/thumb2/libgcc.a(_arm_addsubdf3.o)
 .debug_line    0x00000000000005d4      0x226 /Users/gdanda/pebble-dev/PebbleSDK-2.8.1/arm-cs-tools/bin/../lib/gcc/arm-none-eabi/4.7.2/thumb2/libgcc.a(_arm_muldivdf3.o)
 .debug_line    0x00000000000007fa      0x10c /Users/gdanda/pebble-dev/PebbleSDK-2.8.1/arm-cs-tools/bin/../lib/gcc/arm-none-eabi/4.7.2/thumb2/libgcc.a(_arm_cmpdf2.o)
 .debug_line    0x0000000000000906       0x86 /Users/gdanda/pebble-dev/PebbleSDK-2.8.1/arm-cs-tools/bin/../lib/gcc/arm-none-eabi/4.7.2/thumb2/libgcc.a(_arm_fixdfsi.o)
 .debug_line    0x000000000000098c       0x82 /Users/gdanda/pebble-dev/PebbleSDK-2.8.1/arm-cs-tools/bin/../lib/gcc/arm-none-eabi/4.7.2/thumb2/libgcc.a(_arm_fixunsdfsi.o)

.debug_str      0x0000000000000000      0x5e7
 .debug_str     0x0000000000000000      0x458 src/feature_accel_discs.c.7.o
                                        0x4de (size before relaxing)
 .debug_str     0x0000000000000458      0x18f appinfo.auto.c.7.o
                                        0x29b (size before relaxing)

.debug_frame    0x0000000000000000       0xb4
 .debug_frame   0x0000000000000000       0xb4 src/feature_accel_discs.c.7.o
